Archive member included because of file (symbol)

c:/users/ahmed/desktop/embedded system/nti/avr/tools/sdk_win_64/sdk_win_64/winavr/bin/../lib/gcc/avr/4.3.3/avr5\libgcc.a(_mulsi3.o)
                              ./HAL/LCD/LCD_Prog.o (__mulsi3)
c:/users/ahmed/desktop/embedded system/nti/avr/tools/sdk_win_64/sdk_win_64/winavr/bin/../lib/gcc/avr/4.3.3/avr5\libgcc.a(_udivmodsi4.o)
                              ./HAL/LCD/LCD_Prog.o (__udivmodsi4)
c:/users/ahmed/desktop/embedded system/nti/avr/tools/sdk_win_64/sdk_win_64/winavr/bin/../lib/gcc/avr/4.3.3/avr5\libgcc.a(_divmodsi4.o)
                              ./HAL/LCD/LCD_Prog.o (__divmodsi4)
c:/users/ahmed/desktop/embedded system/nti/avr/tools/sdk_win_64/sdk_win_64/winavr/bin/../lib/gcc/avr/4.3.3/avr5\libgcc.a(_exit.o)
                              c:/users/ahmed/desktop/embedded system/nti/avr/tools/sdk_win_64/sdk_win_64/winavr/bin/../lib/gcc/avr/4.3.3/../../../../avr/lib/avr5/crtm32.o (exit)
c:/users/ahmed/desktop/embedded system/nti/avr/tools/sdk_win_64/sdk_win_64/winavr/bin/../lib/gcc/avr/4.3.3/avr5\libgcc.a(_copy_data.o)
                              ./MCAL/EXTI/EXTI_Config.o (__do_copy_data)
c:/users/ahmed/desktop/embedded system/nti/avr/tools/sdk_win_64/sdk_win_64/winavr/bin/../lib/gcc/avr/4.3.3/avr5\libgcc.a(_clear_bss.o)
                              ./MCAL/EXTI/EXTI_Prog.o (__do_clear_bss)
c:/users/ahmed/desktop/embedded system/nti/avr/tools/sdk_win_64/sdk_win_64/winavr/bin/../lib/gcc/avr/4.3.3/avr5\libgcc.a(_addsub_sf.o)
                              ./HAL/LCD/LCD_Prog.o (__subsf3)
c:/users/ahmed/desktop/embedded system/nti/avr/tools/sdk_win_64/sdk_win_64/winavr/bin/../lib/gcc/avr/4.3.3/avr5\libgcc.a(_mul_sf.o)
                              ./HAL/LCD/LCD_Prog.o (__mulsf3)
c:/users/ahmed/desktop/embedded system/nti/avr/tools/sdk_win_64/sdk_win_64/winavr/bin/../lib/gcc/avr/4.3.3/avr5\libgcc.a(_eq_sf.o)
                              ./HAL/LCD/LCD_Prog.o (__eqsf2)
c:/users/ahmed/desktop/embedded system/nti/avr/tools/sdk_win_64/sdk_win_64/winavr/bin/../lib/gcc/avr/4.3.3/avr5\libgcc.a(_si_to_sf.o)
                              ./HAL/LCD/LCD_Prog.o (__floatsisf)
c:/users/ahmed/desktop/embedded system/nti/avr/tools/sdk_win_64/sdk_win_64/winavr/bin/../lib/gcc/avr/4.3.3/avr5\libgcc.a(_sf_to_si.o)
                              ./HAL/LCD/LCD_Prog.o (__fixsfsi)
c:/users/ahmed/desktop/embedded system/nti/avr/tools/sdk_win_64/sdk_win_64/winavr/bin/../lib/gcc/avr/4.3.3/avr5\libgcc.a(_thenan_sf.o)
                              c:/users/ahmed/desktop/embedded system/nti/avr/tools/sdk_win_64/sdk_win_64/winavr/bin/../lib/gcc/avr/4.3.3/avr5\libgcc.a(_addsub_sf.o) (__thenan_sf)
c:/users/ahmed/desktop/embedded system/nti/avr/tools/sdk_win_64/sdk_win_64/winavr/bin/../lib/gcc/avr/4.3.3/avr5\libgcc.a(_prologue.o)
                              c:/users/ahmed/desktop/embedded system/nti/avr/tools/sdk_win_64/sdk_win_64/winavr/bin/../lib/gcc/avr/4.3.3/avr5\libgcc.a(_addsub_sf.o) (__prologue_saves__)
c:/users/ahmed/desktop/embedded system/nti/avr/tools/sdk_win_64/sdk_win_64/winavr/bin/../lib/gcc/avr/4.3.3/avr5\libgcc.a(_epilogue.o)
                              c:/users/ahmed/desktop/embedded system/nti/avr/tools/sdk_win_64/sdk_win_64/winavr/bin/../lib/gcc/avr/4.3.3/avr5\libgcc.a(_addsub_sf.o) (__epilogue_restores__)
c:/users/ahmed/desktop/embedded system/nti/avr/tools/sdk_win_64/sdk_win_64/winavr/bin/../lib/gcc/avr/4.3.3/avr5\libgcc.a(_clzsi2.o)
                              c:/users/ahmed/desktop/embedded system/nti/avr/tools/sdk_win_64/sdk_win_64/winavr/bin/../lib/gcc/avr/4.3.3/avr5\libgcc.a(_si_to_sf.o) (__clzsi2)
c:/users/ahmed/desktop/embedded system/nti/avr/tools/sdk_win_64/sdk_win_64/winavr/bin/../lib/gcc/avr/4.3.3/avr5\libgcc.a(_pack_sf.o)
                              c:/users/ahmed/desktop/embedded system/nti/avr/tools/sdk_win_64/sdk_win_64/winavr/bin/../lib/gcc/avr/4.3.3/avr5\libgcc.a(_addsub_sf.o) (__pack_f)
c:/users/ahmed/desktop/embedded system/nti/avr/tools/sdk_win_64/sdk_win_64/winavr/bin/../lib/gcc/avr/4.3.3/avr5\libgcc.a(_unpack_sf.o)
                              c:/users/ahmed/desktop/embedded system/nti/avr/tools/sdk_win_64/sdk_win_64/winavr/bin/../lib/gcc/avr/4.3.3/avr5\libgcc.a(_addsub_sf.o) (__unpack_f)
c:/users/ahmed/desktop/embedded system/nti/avr/tools/sdk_win_64/sdk_win_64/winavr/bin/../lib/gcc/avr/4.3.3/avr5\libgcc.a(_fpcmp_parts_sf.o)
                              c:/users/ahmed/desktop/embedded system/nti/avr/tools/sdk_win_64/sdk_win_64/winavr/bin/../lib/gcc/avr/4.3.3/avr5\libgcc.a(_eq_sf.o) (__fpcmp_parts_f)
c:/users/ahmed/desktop/embedded system/nti/avr/tools/sdk_win_64/sdk_win_64/winavr/bin/../lib/gcc/avr/4.3.3/avr5\libgcc.a(_clz.o)
                              c:/users/ahmed/desktop/embedded system/nti/avr/tools/sdk_win_64/sdk_win_64/winavr/bin/../lib/gcc/avr/4.3.3/avr5\libgcc.a(_clzsi2.o) (__clz_tab)

Memory Configuration

Name             Origin             Length             Attributes
text             0x00000000         0x00020000         xr
data             0x00800060         0x0000ffa0         rw !x
eeprom           0x00810000         0x00010000         rw !x
fuse             0x00820000         0x00000400         rw !x
lock             0x00830000         0x00000400         rw !x
signature        0x00840000         0x00000400         rw !x
*default*        0x00000000         0xffffffff

Linker script and memory map

LOAD c:/users/ahmed/desktop/embedded system/nti/avr/tools/sdk_win_64/sdk_win_64/winavr/bin/../lib/gcc/avr/4.3.3/../../../../avr/lib/avr5/crtm32.o
LOAD ./MCAL/EXTI/EXTI_Config.o
LOAD ./MCAL/EXTI/EXTI_Prog.o
LOAD ./MCAL/EEPROM/EEPROM.o
LOAD ./MCAL/DIO/DIO.o
LOAD ./MCAL/ADC/ADC.o
LOAD ./HAL/Switch/Switch_Config.o
LOAD ./HAL/Switch/Switch_Prog.o
LOAD ./HAL/SSD/SSD_Config.o
LOAD ./HAL/SSD/SSD_Prog.o
LOAD ./HAL/Relay/Relay_Config.o
LOAD ./HAL/Relay/Relay_Prog.o
LOAD ./HAL/LED/LED_Config.o
LOAD ./HAL/LED/LED_Prog.o
LOAD ./HAL/LCD/LCD_Prog.o
LOAD ./HAL/Keypad/Keypad_Prog.o
LOAD ./HAL/Buzzer/Buzzer_Config.o
LOAD ./HAL/Buzzer/Buzzer_Prog.o
LOAD ./APP/main.o
LOAD c:/users/ahmed/desktop/embedded system/nti/avr/tools/sdk_win_64/sdk_win_64/winavr/bin/../lib/gcc/avr/4.3.3/avr5\libgcc.a
LOAD c:/users/ahmed/desktop/embedded system/nti/avr/tools/sdk_win_64/sdk_win_64/winavr/bin/../lib/gcc/avr/4.3.3/../../../../avr/lib/avr5\libc.a
LOAD c:/users/ahmed/desktop/embedded system/nti/avr/tools/sdk_win_64/sdk_win_64/winavr/bin/../lib/gcc/avr/4.3.3/avr5\libgcc.a

.hash
 *(.hash)

.dynsym
 *(.dynsym)

.dynstr
 *(.dynstr)

.gnu.version
 *(.gnu.version)

.gnu.version_d
 *(.gnu.version_d)

.gnu.version_r
 *(.gnu.version_r)

.rel.init
 *(.rel.init)

.rela.init
 *(.rela.init)

.rel.text
 *(.rel.text)
 *(.rel.text.*)
 *(.rel.gnu.linkonce.t*)

.rela.text
 *(.rela.text)
 *(.rela.text.*)
 *(.rela.gnu.linkonce.t*)

.rel.fini
 *(.rel.fini)

.rela.fini
 *(.rela.fini)

.rel.rodata
 *(.rel.rodata)
 *(.rel.rodata.*)
 *(.rel.gnu.linkonce.r*)

.rela.rodata
 *(.rela.rodata)
 *(.rela.rodata.*)
 *(.rela.gnu.linkonce.r*)

.rel.data
 *(.rel.data)
 *(.rel.data.*)
 *(.rel.gnu.linkonce.d*)

.rela.data
 *(.rela.data)
 *(.rela.data.*)
 *(.rela.gnu.linkonce.d*)

.rel.ctors
 *(.rel.ctors)

.rela.ctors
 *(.rela.ctors)

.rel.dtors
 *(.rel.dtors)

.rela.dtors
 *(.rela.dtors)

.rel.got
 *(.rel.got)

.rela.got
 *(.rela.got)

.rel.bss
 *(.rel.bss)

.rela.bss
 *(.rela.bss)

.rel.plt
 *(.rel.plt)

.rela.plt
 *(.rela.plt)

.text           0x00000000     0x24c6
 *(.vectors)
 .vectors       0x00000000       0x54 c:/users/ahmed/desktop/embedded system/nti/avr/tools/sdk_win_64/sdk_win_64/winavr/bin/../lib/gcc/avr/4.3.3/../../../../avr/lib/avr5/crtm32.o
                0x00000000                __vectors
                0x00000000                __vector_default
 *(.vectors)
 *(.progmem.gcc*)
 *(.progmem*)
                0x00000054                . = ALIGN (0x2)
                0x00000054                __trampolines_start = .
 *(.trampolines)
 .trampolines   0x00000054        0x0 linker stubs
 *(.trampolines*)
                0x00000054                __trampolines_end = .
 *(.jumptables)
 *(.jumptables*)
 *(.lowtext)
 *(.lowtext*)
                0x00000054                __ctors_start = .
 *(.ctors)
                0x00000054                __ctors_end = .
                0x00000054                __dtors_start = .
 *(.dtors)
                0x00000054                __dtors_end = .
 SORT(*)(.ctors)
 SORT(*)(.dtors)
 *(.init0)
 .init0         0x00000054        0x0 c:/users/ahmed/desktop/embedded system/nti/avr/tools/sdk_win_64/sdk_win_64/winavr/bin/../lib/gcc/avr/4.3.3/../../../../avr/lib/avr5/crtm32.o
                0x00000054                __init
 *(.init0)
 *(.init1)
 *(.init1)
 *(.init2)
 .init2         0x00000054        0xc c:/users/ahmed/desktop/embedded system/nti/avr/tools/sdk_win_64/sdk_win_64/winavr/bin/../lib/gcc/avr/4.3.3/../../../../avr/lib/avr5/crtm32.o
 *(.init2)
 *(.init3)
 *(.init3)
 *(.init4)
 .init4         0x00000060       0x16 c:/users/ahmed/desktop/embedded system/nti/avr/tools/sdk_win_64/sdk_win_64/winavr/bin/../lib/gcc/avr/4.3.3/avr5\libgcc.a(_copy_data.o)
                0x00000060                __do_copy_data
 .init4         0x00000076       0x10 c:/users/ahmed/desktop/embedded system/nti/avr/tools/sdk_win_64/sdk_win_64/winavr/bin/../lib/gcc/avr/4.3.3/avr5\libgcc.a(_clear_bss.o)
                0x00000076                __do_clear_bss
 *(.init4)
 *(.init5)
 *(.init5)
 *(.init6)
 *(.init6)
 *(.init7)
 *(.init7)
 *(.init8)
 *(.init8)
 *(.init9)
 .init9         0x00000086        0x8 c:/users/ahmed/desktop/embedded system/nti/avr/tools/sdk_win_64/sdk_win_64/winavr/bin/../lib/gcc/avr/4.3.3/../../../../avr/lib/avr5/crtm32.o
 *(.init9)
 *(.text)
 .text          0x0000008e        0x4 c:/users/ahmed/desktop/embedded system/nti/avr/tools/sdk_win_64/sdk_win_64/winavr/bin/../lib/gcc/avr/4.3.3/../../../../avr/lib/avr5/crtm32.o
                0x0000008e                __vector_12
                0x0000008e                __bad_interrupt
                0x0000008e                __vector_6
                0x0000008e                __vector_11
                0x0000008e                __vector_13
                0x0000008e                __vector_17
                0x0000008e                __vector_19
                0x0000008e                __vector_7
                0x0000008e                __vector_5
                0x0000008e                __vector_4
                0x0000008e                __vector_9
                0x0000008e                __vector_15
                0x0000008e                __vector_8
                0x0000008e                __vector_14
                0x0000008e                __vector_10
                0x0000008e                __vector_18
                0x0000008e                __vector_20
 .text          0x00000092        0x0 ./MCAL/EXTI/EXTI_Config.o
 .text          0x00000092        0x0 ./MCAL/EXTI/EXTI_Prog.o
 .text          0x00000092        0x0 ./MCAL/EEPROM/EEPROM.o
 .text          0x00000092        0x0 ./MCAL/DIO/DIO.o
 .text          0x00000092        0x0 ./MCAL/ADC/ADC.o
 .text          0x00000092        0x0 ./HAL/Switch/Switch_Config.o
 .text          0x00000092        0x0 ./HAL/Switch/Switch_Prog.o
 .text          0x00000092        0x0 ./HAL/SSD/SSD_Config.o
 .text          0x00000092        0x0 ./HAL/SSD/SSD_Prog.o
 .text          0x00000092        0x0 ./HAL/Relay/Relay_Config.o
 .text          0x00000092        0x0 ./HAL/Relay/Relay_Prog.o
 .text          0x00000092        0x0 ./HAL/LED/LED_Config.o
 .text          0x00000092        0x0 ./HAL/LED/LED_Prog.o
 .text          0x00000092        0x0 ./HAL/LCD/LCD_Prog.o
 .text          0x00000092        0x0 ./HAL/Keypad/Keypad_Prog.o
 .text          0x00000092        0x0 ./HAL/Buzzer/Buzzer_Config.o
 .text          0x00000092        0x0 ./HAL/Buzzer/Buzzer_Prog.o
 .text          0x00000092        0x0 ./APP/main.o
 .text          0x00000092        0x0 c:/users/ahmed/desktop/embedded system/nti/avr/tools/sdk_win_64/sdk_win_64/winavr/bin/../lib/gcc/avr/4.3.3/avr5\libgcc.a(_mulsi3.o)
 .text          0x00000092        0x0 c:/users/ahmed/desktop/embedded system/nti/avr/tools/sdk_win_64/sdk_win_64/winavr/bin/../lib/gcc/avr/4.3.3/avr5\libgcc.a(_udivmodsi4.o)
 .text          0x00000092        0x0 c:/users/ahmed/desktop/embedded system/nti/avr/tools/sdk_win_64/sdk_win_64/winavr/bin/../lib/gcc/avr/4.3.3/avr5\libgcc.a(_divmodsi4.o)
 .text          0x00000092        0x0 c:/users/ahmed/desktop/embedded system/nti/avr/tools/sdk_win_64/sdk_win_64/winavr/bin/../lib/gcc/avr/4.3.3/avr5\libgcc.a(_exit.o)
 .text          0x00000092        0x0 c:/users/ahmed/desktop/embedded system/nti/avr/tools/sdk_win_64/sdk_win_64/winavr/bin/../lib/gcc/avr/4.3.3/avr5\libgcc.a(_copy_data.o)
 .text          0x00000092        0x0 c:/users/ahmed/desktop/embedded system/nti/avr/tools/sdk_win_64/sdk_win_64/winavr/bin/../lib/gcc/avr/4.3.3/avr5\libgcc.a(_clear_bss.o)
 .text          0x00000092      0x354 c:/users/ahmed/desktop/embedded system/nti/avr/tools/sdk_win_64/sdk_win_64/winavr/bin/../lib/gcc/avr/4.3.3/avr5\libgcc.a(_addsub_sf.o)
                0x0000032a                __subsf3
                0x0000038c                __addsf3
 .text          0x000003e6      0x1f4 c:/users/ahmed/desktop/embedded system/nti/avr/tools/sdk_win_64/sdk_win_64/winavr/bin/../lib/gcc/avr/4.3.3/avr5\libgcc.a(_mul_sf.o)
                0x000003e6                __mulsf3
 .text          0x000005da       0x60 c:/users/ahmed/desktop/embedded system/nti/avr/tools/sdk_win_64/sdk_win_64/winavr/bin/../lib/gcc/avr/4.3.3/avr5\libgcc.a(_eq_sf.o)
                0x000005da                __eqsf2
 .text          0x0000063a       0xbc c:/users/ahmed/desktop/embedded system/nti/avr/tools/sdk_win_64/sdk_win_64/winavr/bin/../lib/gcc/avr/4.3.3/avr5\libgcc.a(_si_to_sf.o)
                0x0000063a                __floatsisf
 .text          0x000006f6       0xa8 c:/users/ahmed/desktop/embedded system/nti/avr/tools/sdk_win_64/sdk_win_64/winavr/bin/../lib/gcc/avr/4.3.3/avr5\libgcc.a(_sf_to_si.o)
                0x000006f6                __fixsfsi
 .text          0x0000079e        0x0 c:/users/ahmed/desktop/embedded system/nti/avr/tools/sdk_win_64/sdk_win_64/winavr/bin/../lib/gcc/avr/4.3.3/avr5\libgcc.a(_thenan_sf.o)
 .text          0x0000079e        0x0 c:/users/ahmed/desktop/embedded system/nti/avr/tools/sdk_win_64/sdk_win_64/winavr/bin/../lib/gcc/avr/4.3.3/avr5\libgcc.a(_prologue.o)
 .text          0x0000079e        0x0 c:/users/ahmed/desktop/embedded system/nti/avr/tools/sdk_win_64/sdk_win_64/winavr/bin/../lib/gcc/avr/4.3.3/avr5\libgcc.a(_epilogue.o)
 .text          0x0000079e       0x9e c:/users/ahmed/desktop/embedded system/nti/avr/tools/sdk_win_64/sdk_win_64/winavr/bin/../lib/gcc/avr/4.3.3/avr5\libgcc.a(_clzsi2.o)
                0x0000079e                __clzsi2
 .text          0x0000083c      0x1aa c:/users/ahmed/desktop/embedded system/nti/avr/tools/sdk_win_64/sdk_win_64/winavr/bin/../lib/gcc/avr/4.3.3/avr5\libgcc.a(_pack_sf.o)
                0x0000083c                __pack_f
 .text          0x000009e6       0xf0 c:/users/ahmed/desktop/embedded system/nti/avr/tools/sdk_win_64/sdk_win_64/winavr/bin/../lib/gcc/avr/4.3.3/avr5\libgcc.a(_unpack_sf.o)
                0x000009e6                __unpack_f
 .text          0x00000ad6       0xb2 c:/users/ahmed/desktop/embedded system/nti/avr/tools/sdk_win_64/sdk_win_64/winavr/bin/../lib/gcc/avr/4.3.3/avr5\libgcc.a(_fpcmp_parts_sf.o)
                0x00000ad6                __fpcmp_parts_f
 .text          0x00000b88        0x0 c:/users/ahmed/desktop/embedded system/nti/avr/tools/sdk_win_64/sdk_win_64/winavr/bin/../lib/gcc/avr/4.3.3/avr5\libgcc.a(_clz.o)
                0x00000b88                . = ALIGN (0x2)
 *(.text.*)
 .text.EXTI_enuInit
                0x00000b88      0x114 ./MCAL/EXTI/EXTI_Prog.o
                0x00000b88                EXTI_enuInit
 .text.EXTI_enuSenseLvl
                0x00000c9c       0xae ./MCAL/EXTI/EXTI_Prog.o
                0x00000c9c                EXTI_enuSenseLvl
 .text.EXTI_enuEnable
                0x00000d4a       0x40 ./MCAL/EXTI/EXTI_Prog.o
                0x00000d4a                EXTI_enuEnable
 .text.EXTI_enuDisable
                0x00000d8a       0x42 ./MCAL/EXTI/EXTI_Prog.o
                0x00000d8a                EXTI_enuDisable
 .text.EXTI_enuCallBack
                0x00000dcc       0x2e ./MCAL/EXTI/EXTI_Prog.o
                0x00000dcc                EXTI_enuCallBack
 .text.__vector_1
                0x00000dfa       0x5a ./MCAL/EXTI/EXTI_Prog.o
                0x00000dfa                __vector_1
 .text.__vector_2
                0x00000e54       0x5a ./MCAL/EXTI/EXTI_Prog.o
                0x00000e54                __vector_2
 .text.__vector_3
                0x00000eae       0x5a ./MCAL/EXTI/EXTI_Prog.o
                0x00000eae                __vector_3
 .text.EEPROM_write
                0x00000f08       0x16 ./MCAL/EEPROM/EEPROM.o
                0x00000f08                EEPROM_write
 .text.EEPROM_read
                0x00000f1e       0x1c ./MCAL/EEPROM/EEPROM.o
                0x00000f1e                EEPROM_read
 .text.M_DIO_enuSetPortDirection
                0x00000f3a       0x2e ./MCAL/DIO/DIO.o
                0x00000f3a                M_DIO_enuSetPortDirection
 .text.M_DIO_enuSetPinDirection
                0x00000f68       0xe4 ./MCAL/DIO/DIO.o
                0x00000f68                M_DIO_enuSetPinDirection
 .text.M_DIO_enuSetPortValue
                0x0000104c       0x2e ./MCAL/DIO/DIO.o
                0x0000104c                M_DIO_enuSetPortValue
 .text.M_DIO_enuSetPinValue
                0x0000107a       0xe4 ./MCAL/DIO/DIO.o
                0x0000107a                M_DIO_enuSetPinValue
 .text.M_DIO_enuGetPINValue
                0x0000115e       0x3e ./MCAL/DIO/DIO.o
                0x0000115e                M_DIO_enuGetPINValue
 .text.M_DIO_enuGetPinValue
                0x0000119c       0x4c ./MCAL/DIO/DIO.o
                0x0000119c                M_DIO_enuGetPinValue
 .text.M_DIO_enuTogglePortValue
                0x000011e8       0x3e ./MCAL/DIO/DIO.o
                0x000011e8                M_DIO_enuTogglePortValue
 .text.M_DIO_enuTogglePinValue
                0x00001226       0x78 ./MCAL/DIO/DIO.o
                0x00001226                M_DIO_enuTogglePinValue
 .text.ADC_Init
                0x0000129e       0x12 ./MCAL/ADC/ADC.o
                0x0000129e                ADC_Init
 .text.ADC_Start
                0x000012b0        0x4 ./MCAL/ADC/ADC.o
                0x000012b0                ADC_Start
 .text.ADC_Read
                0x000012b4        0xc ./MCAL/ADC/ADC.o
                0x000012b4                ADC_Read
 .text.ADC_Callback
                0x000012c0       0x42 ./MCAL/ADC/ADC.o
                0x000012c0                ADC_Callback
 .text.__vector_16
                0x00001302      0x154 ./MCAL/ADC/ADC.o
                0x00001302                __vector_16
 .text.Switch_enuGetState
                0x00001456       0xb6 ./HAL/Switch/Switch_Prog.o
                0x00001456                Switch_enuGetState
 .text.Switch_enuInit
                0x0000150c       0x5a ./HAL/Switch/Switch_Prog.o
                0x0000150c                Switch_enuInit
 .text.SSD_enuDisableDot
                0x00001566       0x10 ./HAL/SSD/SSD_Prog.o
                0x00001566                SSD_enuDisableDot
 .text.SSD_enuEnableDot
                0x00001576       0x10 ./HAL/SSD/SSD_Prog.o
                0x00001576                SSD_enuEnableDot
 .text.SSD_enuDisableDisplay
                0x00001586       0x10 ./HAL/SSD/SSD_Prog.o
                0x00001586                SSD_enuDisableDisplay
 .text.SSD_enuEnableDisplay
                0x00001596       0x10 ./HAL/SSD/SSD_Prog.o
                0x00001596                SSD_enuEnableDisplay
 .text.SSD_enuDisplaySingleNumber
                0x000015a6      0x16a ./HAL/SSD/SSD_Prog.o
                0x000015a6                SSD_enuDisplaySingleNumber
 .text.SSD_enuDisplayNumbers
                0x00001710       0xa6 ./HAL/SSD/SSD_Prog.o
                0x00001710                SSD_enuDisplayNumbers
 .text.SSD_enuInit
                0x000017b6      0x13e ./HAL/SSD/SSD_Prog.o
                0x000017b6                SSD_enuInit
 .text.Relay_enuSwitch
                0x000018f4       0x10 ./HAL/Relay/Relay_Prog.o
                0x000018f4                Relay_enuSwitch
 .text.Relay_enuTrip
                0x00001904       0x10 ./HAL/Relay/Relay_Prog.o
                0x00001904                Relay_enuTrip
 .text.Relay_enuInit
                0x00001914       0x54 ./HAL/Relay/Relay_Prog.o
                0x00001914                Relay_enuInit
 .text.LED_enuState
                0x00001968       0x1a ./HAL/LED/LED_Prog.o
                0x00001968                LED_enuState
 .text.LED_enuToggle
                0x00001982        0xe ./HAL/LED/LED_Prog.o
                0x00001982                LED_enuToggle
 .text.LED_enuOff
                0x00001990       0x10 ./HAL/LED/LED_Prog.o
                0x00001990                LED_enuOff
 .text.LED_enuOn
                0x000019a0       0x10 ./HAL/LED/LED_Prog.o
                0x000019a0                LED_enuOn
 .text.LED_enuOnAll
                0x000019b0       0x3e ./HAL/LED/LED_Prog.o
                0x000019b0                LED_enuOnAll
 .text.LED_enuOffAll
                0x000019ee       0x3e ./HAL/LED/LED_Prog.o
                0x000019ee                LED_enuOffAll
 .text.LED_enuInit
                0x00001a2c       0x54 ./HAL/LED/LED_Prog.o
                0x00001a2c                LED_enuInit
 .text.LCD_enuLatch
                0x00001a80       0xe2 ./HAL/LCD/LCD_Prog.o
 .text.LCD_enuWriteData
                0x00001b62       0x2e ./HAL/LCD/LCD_Prog.o
                0x00001b62                LCD_enuWriteData
 .text.LCD_enuWriteIntegerNum
                0x00001b90       0xf4 ./HAL/LCD/LCD_Prog.o
                0x00001b90                LCD_enuWriteIntegerNum
 .text.LCD_enuWriteFloatNum
                0x00001c84       0xca ./HAL/LCD/LCD_Prog.o
                0x00001c84                LCD_enuWriteFloatNum
 .text.LCD_enuWriteString
                0x00001d4e       0x30 ./HAL/LCD/LCD_Prog.o
                0x00001d4e                LCD_enuWriteString
 .text.LCD_enuWriteCommand
                0x00001d7e       0x2e ./HAL/LCD/LCD_Prog.o
                0x00001d7e                LCD_enuWriteCommand
 .text.LCD_enuCharacterGenerator
                0x00001dac       0x44 ./HAL/LCD/LCD_Prog.o
                0x00001dac                LCD_enuCharacterGenerator
 .text.LCD_enuGoToPosition
                0x00001df0       0x28 ./HAL/LCD/LCD_Prog.o
                0x00001df0                LCD_enuGoToPosition
 .text.LCD_enuStopWatch
                0x00001e18       0x74 ./HAL/LCD/LCD_Prog.o
                0x00001e18                LCD_enuStopWatch
 .text.LCD_enuInit
                0x00001e8c       0xea ./HAL/LCD/LCD_Prog.o
                0x00001e8c                LCD_enuInit
 .text.KEYPAD_enuGetPressedKey
                0x00001f76      0x192 ./HAL/Keypad/Keypad_Prog.o
                0x00001f76                KEYPAD_enuGetPressedKey
 .text.KEYPAD_enuInit
                0x00002108       0xa4 ./HAL/Keypad/Keypad_Prog.o
                0x00002108                KEYPAD_enuInit
 .text.Buzzer_enuLong
                0x000021ac       0x34 ./HAL/Buzzer/Buzzer_Prog.o
                0x000021ac                Buzzer_enuLong
 .text.Buzzer_enuOnce
                0x000021e0       0x34 ./HAL/Buzzer/Buzzer_Prog.o
                0x000021e0                Buzzer_enuOnce
 .text.Buzzer_enuOFF
                0x00002214       0x10 ./HAL/Buzzer/Buzzer_Prog.o
                0x00002214                Buzzer_enuOFF
 .text.Buzzer_enuON
                0x00002224       0x10 ./HAL/Buzzer/Buzzer_Prog.o
                0x00002224                Buzzer_enuON
 .text.Buzzer_enuTriple
                0x00002234       0x9c ./HAL/Buzzer/Buzzer_Prog.o
                0x00002234                Buzzer_enuTriple
 .text.Buzzer_enuTwice
                0x000022d0       0x68 ./HAL/Buzzer/Buzzer_Prog.o
                0x000022d0                Buzzer_enuTwice
 .text.Buzzer_enuToggle
                0x00002338        0xe ./HAL/Buzzer/Buzzer_Prog.o
                0x00002338                Buzzer_enuToggle
 .text.Buzzer_enuInit
                0x00002346       0x54 ./HAL/Buzzer/Buzzer_Prog.o
                0x00002346                Buzzer_enuInit
 .text.main     0x0000239a        0x2 ./APP/main.o
                0x0000239a                main
 .text.libgcc   0x0000239c       0x3e c:/users/ahmed/desktop/embedded system/nti/avr/tools/sdk_win_64/sdk_win_64/winavr/bin/../lib/gcc/avr/4.3.3/avr5\libgcc.a(_mulsi3.o)
                0x0000239c                __mulsi3
 .text.libgcc   0x000023da       0x44 c:/users/ahmed/desktop/embedded system/nti/avr/tools/sdk_win_64/sdk_win_64/winavr/bin/../lib/gcc/avr/4.3.3/avr5\libgcc.a(_udivmodsi4.o)
                0x000023da                __udivmodsi4
 .text.libgcc   0x0000241e       0x36 c:/users/ahmed/desktop/embedded system/nti/avr/tools/sdk_win_64/sdk_win_64/winavr/bin/../lib/gcc/avr/4.3.3/avr5\libgcc.a(_divmodsi4.o)
                0x0000241e                __divmodsi4
 .text.libgcc   0x00002454        0x0 c:/users/ahmed/desktop/embedded system/nti/avr/tools/sdk_win_64/sdk_win_64/winavr/bin/../lib/gcc/avr/4.3.3/avr5\libgcc.a(_exit.o)
 .text.libgcc   0x00002454        0x0 c:/users/ahmed/desktop/embedded system/nti/avr/tools/sdk_win_64/sdk_win_64/winavr/bin/../lib/gcc/avr/4.3.3/avr5\libgcc.a(_copy_data.o)
 .text.libgcc   0x00002454        0x0 c:/users/ahmed/desktop/embedded system/nti/avr/tools/sdk_win_64/sdk_win_64/winavr/bin/../lib/gcc/avr/4.3.3/avr5\libgcc.a(_clear_bss.o)
 .text.libgcc   0x00002454       0x38 c:/users/ahmed/desktop/embedded system/nti/avr/tools/sdk_win_64/sdk_win_64/winavr/bin/../lib/gcc/avr/4.3.3/avr5\libgcc.a(_prologue.o)
                0x00002454                __prologue_saves__
 .text.libgcc   0x0000248c       0x36 c:/users/ahmed/desktop/embedded system/nti/avr/tools/sdk_win_64/sdk_win_64/winavr/bin/../lib/gcc/avr/4.3.3/avr5\libgcc.a(_epilogue.o)
                0x0000248c                __epilogue_restores__
                0x000024c2                . = ALIGN (0x2)
 *(.fini9)
 .fini9         0x000024c2        0x0 c:/users/ahmed/desktop/embedded system/nti/avr/tools/sdk_win_64/sdk_win_64/winavr/bin/../lib/gcc/avr/4.3.3/avr5\libgcc.a(_exit.o)
                0x000024c2                exit
                0x000024c2                _exit
 *(.fini9)
 *(.fini8)
 *(.fini8)
 *(.fini7)
 *(.fini7)
 *(.fini6)
 *(.fini6)
 *(.fini5)
 *(.fini5)
 *(.fini4)
 *(.fini4)
 *(.fini3)
 *(.fini3)
 *(.fini2)
 *(.fini2)
 *(.fini1)
 *(.fini1)
 *(.fini0)
 .fini0         0x000024c2        0x4 c:/users/ahmed/desktop/embedded system/nti/avr/tools/sdk_win_64/sdk_win_64/winavr/bin/../lib/gcc/avr/4.3.3/avr5\libgcc.a(_exit.o)
 *(.fini0)
                0x000024c6                _etext = .

.data           0x00800060      0x176 load address 0x000024c6
                0x00800060                PROVIDE (__data_start, .)
 *(.data)
 .data          0x00800060        0x0 c:/users/ahmed/desktop/embedded system/nti/avr/tools/sdk_win_64/sdk_win_64/winavr/bin/../lib/gcc/avr/4.3.3/../../../../avr/lib/avr5/crtm32.o
 .data          0x00800060        0x0 ./MCAL/EXTI/EXTI_Config.o
 .data          0x00800060        0x0 ./MCAL/EXTI/EXTI_Prog.o
 .data          0x00800060        0x0 ./MCAL/EEPROM/EEPROM.o
 .data          0x00800060        0x0 ./MCAL/DIO/DIO.o
 .data          0x00800060        0x0 ./MCAL/ADC/ADC.o
 .data          0x00800060        0x0 ./HAL/Switch/Switch_Config.o
 .data          0x00800060        0x0 ./HAL/Switch/Switch_Prog.o
 .data          0x00800060        0x0 ./HAL/SSD/SSD_Config.o
 .data          0x00800060        0x0 ./HAL/SSD/SSD_Prog.o
 .data          0x00800060        0x0 ./HAL/Relay/Relay_Config.o
 .data          0x00800060        0x0 ./HAL/Relay/Relay_Prog.o
 .data          0x00800060        0x0 ./HAL/LED/LED_Config.o
 .data          0x00800060        0x0 ./HAL/LED/LED_Prog.o
 .data          0x00800060        0x0 ./HAL/LCD/LCD_Prog.o
 .data          0x00800060        0x0 ./HAL/Keypad/Keypad_Prog.o
 .data          0x00800060        0x0 ./HAL/Buzzer/Buzzer_Config.o
 .data          0x00800060        0x0 ./HAL/Buzzer/Buzzer_Prog.o
 .data          0x00800060        0x0 ./APP/main.o
 .data          0x00800060        0x0 c:/users/ahmed/desktop/embedded system/nti/avr/tools/sdk_win_64/sdk_win_64/winavr/bin/../lib/gcc/avr/4.3.3/avr5\libgcc.a(_mulsi3.o)
 .data          0x00800060        0x0 c:/users/ahmed/desktop/embedded system/nti/avr/tools/sdk_win_64/sdk_win_64/winavr/bin/../lib/gcc/avr/4.3.3/avr5\libgcc.a(_udivmodsi4.o)
 .data          0x00800060        0x0 c:/users/ahmed/desktop/embedded system/nti/avr/tools/sdk_win_64/sdk_win_64/winavr/bin/../lib/gcc/avr/4.3.3/avr5\libgcc.a(_divmodsi4.o)
 .data          0x00800060        0x0 c:/users/ahmed/desktop/embedded system/nti/avr/tools/sdk_win_64/sdk_win_64/winavr/bin/../lib/gcc/avr/4.3.3/avr5\libgcc.a(_exit.o)
 .data          0x00800060        0x0 c:/users/ahmed/desktop/embedded system/nti/avr/tools/sdk_win_64/sdk_win_64/winavr/bin/../lib/gcc/avr/4.3.3/avr5\libgcc.a(_copy_data.o)
 .data          0x00800060        0x0 c:/users/ahmed/desktop/embedded system/nti/avr/tools/sdk_win_64/sdk_win_64/winavr/bin/../lib/gcc/avr/4.3.3/avr5\libgcc.a(_clear_bss.o)
 .data          0x00800060        0x0 c:/users/ahmed/desktop/embedded system/nti/avr/tools/sdk_win_64/sdk_win_64/winavr/bin/../lib/gcc/avr/4.3.3/avr5\libgcc.a(_addsub_sf.o)
 .data          0x00800060        0x0 c:/users/ahmed/desktop/embedded system/nti/avr/tools/sdk_win_64/sdk_win_64/winavr/bin/../lib/gcc/avr/4.3.3/avr5\libgcc.a(_mul_sf.o)
 .data          0x00800060        0x0 c:/users/ahmed/desktop/embedded system/nti/avr/tools/sdk_win_64/sdk_win_64/winavr/bin/../lib/gcc/avr/4.3.3/avr5\libgcc.a(_eq_sf.o)
 .data          0x00800060        0x0 c:/users/ahmed/desktop/embedded system/nti/avr/tools/sdk_win_64/sdk_win_64/winavr/bin/../lib/gcc/avr/4.3.3/avr5\libgcc.a(_si_to_sf.o)
 .data          0x00800060        0x0 c:/users/ahmed/desktop/embedded system/nti/avr/tools/sdk_win_64/sdk_win_64/winavr/bin/../lib/gcc/avr/4.3.3/avr5\libgcc.a(_sf_to_si.o)
 .data          0x00800060        0x8 c:/users/ahmed/desktop/embedded system/nti/avr/tools/sdk_win_64/sdk_win_64/winavr/bin/../lib/gcc/avr/4.3.3/avr5\libgcc.a(_thenan_sf.o)
                0x00800060                __thenan_sf
 .data          0x00800068        0x0 c:/users/ahmed/desktop/embedded system/nti/avr/tools/sdk_win_64/sdk_win_64/winavr/bin/../lib/gcc/avr/4.3.3/avr5\libgcc.a(_prologue.o)
 .data          0x00800068        0x0 c:/users/ahmed/desktop/embedded system/nti/avr/tools/sdk_win_64/sdk_win_64/winavr/bin/../lib/gcc/avr/4.3.3/avr5\libgcc.a(_epilogue.o)
 .data          0x00800068        0x0 c:/users/ahmed/desktop/embedded system/nti/avr/tools/sdk_win_64/sdk_win_64/winavr/bin/../lib/gcc/avr/4.3.3/avr5\libgcc.a(_clzsi2.o)
 .data          0x00800068        0x0 c:/users/ahmed/desktop/embedded system/nti/avr/tools/sdk_win_64/sdk_win_64/winavr/bin/../lib/gcc/avr/4.3.3/avr5\libgcc.a(_pack_sf.o)
 .data          0x00800068        0x0 c:/users/ahmed/desktop/embedded system/nti/avr/tools/sdk_win_64/sdk_win_64/winavr/bin/../lib/gcc/avr/4.3.3/avr5\libgcc.a(_unpack_sf.o)
 .data          0x00800068        0x0 c:/users/ahmed/desktop/embedded system/nti/avr/tools/sdk_win_64/sdk_win_64/winavr/bin/../lib/gcc/avr/4.3.3/avr5\libgcc.a(_fpcmp_parts_sf.o)
 .data          0x00800068      0x100 c:/users/ahmed/desktop/embedded system/nti/avr/tools/sdk_win_64/sdk_win_64/winavr/bin/../lib/gcc/avr/4.3.3/avr5\libgcc.a(_clz.o)
                0x00800068                __clz_tab
 *(.data*)
 .data.EXTI_u8EXTINum
                0x00800168        0x1 ./MCAL/EXTI/EXTI_Config.o
                0x00800168                EXTI_u8EXTINum
 .data.EXTI_AstrEXTIConfig
                0x00800169        0x9 ./MCAL/EXTI/EXTI_Config.o
                0x00800169                EXTI_AstrEXTIConfig
 .data.channel.1254
                0x00800172        0x1 ./MCAL/ADC/ADC.o
 .data.Switch_u8SwitchNum
                0x00800173        0x1 ./HAL/Switch/Switch_Config.o
                0x00800173                Switch_u8SwitchNum
 .data.Switch_AstrSwitchConfig
                0x00800174        0xc ./HAL/Switch/Switch_Config.o
                0x00800174                Switch_AstrSwitchConfig
 .data.SSD_u8SSDNum
                0x00800180        0x1 ./HAL/SSD/SSD_Config.o
                0x00800180                SSD_u8SSDNum
 .data.SSD_AstrSSDConfig
                0x00800181       0x26 ./HAL/SSD/SSD_Config.o
                0x00800181                SSD_AstrSSDConfig
 .data.Relay_u8RelayNum
                0x008001a7        0x1 ./HAL/Relay/Relay_Config.o
                0x008001a7                Relay_u8RelayNum
 .data.Relay_AstrRelayConfig
                0x008001a8        0x4 ./HAL/Relay/Relay_Config.o
                0x008001a8                Relay_AstrRelayConfig
 .data.LED_u8LEDNum
                0x008001ac        0x1 ./HAL/LED/LED_Config.o
                0x008001ac                LED_u8LEDNum
 .data.LED_AstrLEDConfig
                0x008001ad        0x6 ./HAL/LED/LED_Config.o
                0x008001ad                LED_AstrLEDConfig
 .data.Buzzer_u8BuzzerNum
                0x008001b3        0x1 ./HAL/Buzzer/Buzzer_Config.o
                0x008001b3                Buzzer_u8BuzzerNum
 .data.Buzzer_BuzzerAstrConfig
                0x008001b4        0x2 ./HAL/Buzzer/Buzzer_Config.o
                0x008001b4                Buzzer_BuzzerAstrConfig
 *(.rodata)
 *(.rodata*)
 .rodata.catSeg
                0x008001b6       0x10 ./HAL/SSD/SSD_Prog.o
 .rodata.C.1.1353
                0x008001c6       0x10 ./HAL/Keypad/Keypad_Prog.o
 *(.gnu.linkonce.d*)
                0x008001d6                . = ALIGN (0x2)
                0x008001d6                _edata = .
                0x008001d6                PROVIDE (__data_end, .)

.bss            0x008001d6       0x20
                0x008001d6                PROVIDE (__bss_start, .)
 *(.bss)
 .bss           0x008001d6        0x0 c:/users/ahmed/desktop/embedded system/nti/avr/tools/sdk_win_64/sdk_win_64/winavr/bin/../lib/gcc/avr/4.3.3/../../../../avr/lib/avr5/crtm32.o
 .bss           0x008001d6        0x0 ./MCAL/EXTI/EXTI_Config.o
 .bss           0x008001d6        0x0 ./MCAL/EXTI/EXTI_Prog.o
 .bss           0x008001d6        0x0 ./MCAL/EEPROM/EEPROM.o
 .bss           0x008001d6        0x0 ./MCAL/DIO/DIO.o
 .bss           0x008001d6        0x0 ./MCAL/ADC/ADC.o
 .bss           0x008001d6        0x0 ./HAL/Switch/Switch_Config.o
 .bss           0x008001d6        0x0 ./HAL/Switch/Switch_Prog.o
 .bss           0x008001d6        0x0 ./HAL/SSD/SSD_Config.o
 .bss           0x008001d6        0x0 ./HAL/SSD/SSD_Prog.o
 .bss           0x008001d6        0x0 ./HAL/Relay/Relay_Config.o
 .bss           0x008001d6        0x0 ./HAL/Relay/Relay_Prog.o
 .bss           0x008001d6        0x0 ./HAL/LED/LED_Config.o
 .bss           0x008001d6        0x0 ./HAL/LED/LED_Prog.o
 .bss           0x008001d6        0x0 ./HAL/LCD/LCD_Prog.o
 .bss           0x008001d6        0x0 ./HAL/Keypad/Keypad_Prog.o
 .bss           0x008001d6        0x0 ./HAL/Buzzer/Buzzer_Config.o
 .bss           0x008001d6        0x0 ./HAL/Buzzer/Buzzer_Prog.o
 .bss           0x008001d6        0x0 ./APP/main.o
 .bss           0x008001d6        0x0 c:/users/ahmed/desktop/embedded system/nti/avr/tools/sdk_win_64/sdk_win_64/winavr/bin/../lib/gcc/avr/4.3.3/avr5\libgcc.a(_mulsi3.o)
 .bss           0x008001d6        0x0 c:/users/ahmed/desktop/embedded system/nti/avr/tools/sdk_win_64/sdk_win_64/winavr/bin/../lib/gcc/avr/4.3.3/avr5\libgcc.a(_udivmodsi4.o)
 .bss           0x008001d6        0x0 c:/users/ahmed/desktop/embedded system/nti/avr/tools/sdk_win_64/sdk_win_64/winavr/bin/../lib/gcc/avr/4.3.3/avr5\libgcc.a(_divmodsi4.o)
 .bss           0x008001d6        0x0 c:/users/ahmed/desktop/embedded system/nti/avr/tools/sdk_win_64/sdk_win_64/winavr/bin/../lib/gcc/avr/4.3.3/avr5\libgcc.a(_exit.o)
 .bss           0x008001d6        0x0 c:/users/ahmed/desktop/embedded system/nti/avr/tools/sdk_win_64/sdk_win_64/winavr/bin/../lib/gcc/avr/4.3.3/avr5\libgcc.a(_copy_data.o)
 .bss           0x008001d6        0x0 c:/users/ahmed/desktop/embedded system/nti/avr/tools/sdk_win_64/sdk_win_64/winavr/bin/../lib/gcc/avr/4.3.3/avr5\libgcc.a(_clear_bss.o)
 .bss           0x008001d6        0x0 c:/users/ahmed/desktop/embedded system/nti/avr/tools/sdk_win_64/sdk_win_64/winavr/bin/../lib/gcc/avr/4.3.3/avr5\libgcc.a(_addsub_sf.o)
 .bss           0x008001d6        0x0 c:/users/ahmed/desktop/embedded system/nti/avr/tools/sdk_win_64/sdk_win_64/winavr/bin/../lib/gcc/avr/4.3.3/avr5\libgcc.a(_mul_sf.o)
 .bss           0x008001d6        0x0 c:/users/ahmed/desktop/embedded system/nti/avr/tools/sdk_win_64/sdk_win_64/winavr/bin/../lib/gcc/avr/4.3.3/avr5\libgcc.a(_eq_sf.o)
 .bss           0x008001d6        0x0 c:/users/ahmed/desktop/embedded system/nti/avr/tools/sdk_win_64/sdk_win_64/winavr/bin/../lib/gcc/avr/4.3.3/avr5\libgcc.a(_si_to_sf.o)
 .bss           0x008001d6        0x0 c:/users/ahmed/desktop/embedded system/nti/avr/tools/sdk_win_64/sdk_win_64/winavr/bin/../lib/gcc/avr/4.3.3/avr5\libgcc.a(_sf_to_si.o)
 .bss           0x008001d6        0x0 c:/users/ahmed/desktop/embedded system/nti/avr/tools/sdk_win_64/sdk_win_64/winavr/bin/../lib/gcc/avr/4.3.3/avr5\libgcc.a(_thenan_sf.o)
 .bss           0x008001d6        0x0 c:/users/ahmed/desktop/embedded system/nti/avr/tools/sdk_win_64/sdk_win_64/winavr/bin/../lib/gcc/avr/4.3.3/avr5\libgcc.a(_prologue.o)
 .bss           0x008001d6        0x0 c:/users/ahmed/desktop/embedded system/nti/avr/tools/sdk_win_64/sdk_win_64/winavr/bin/../lib/gcc/avr/4.3.3/avr5\libgcc.a(_epilogue.o)
 .bss           0x008001d6        0x0 c:/users/ahmed/desktop/embedded system/nti/avr/tools/sdk_win_64/sdk_win_64/winavr/bin/../lib/gcc/avr/4.3.3/avr5\libgcc.a(_clzsi2.o)
 .bss           0x008001d6        0x0 c:/users/ahmed/desktop/embedded system/nti/avr/tools/sdk_win_64/sdk_win_64/winavr/bin/../lib/gcc/avr/4.3.3/avr5\libgcc.a(_pack_sf.o)
 .bss           0x008001d6        0x0 c:/users/ahmed/desktop/embedded system/nti/avr/tools/sdk_win_64/sdk_win_64/winavr/bin/../lib/gcc/avr/4.3.3/avr5\libgcc.a(_unpack_sf.o)
 .bss           0x008001d6        0x0 c:/users/ahmed/desktop/embedded system/nti/avr/tools/sdk_win_64/sdk_win_64/winavr/bin/../lib/gcc/avr/4.3.3/avr5\libgcc.a(_fpcmp_parts_sf.o)
 .bss           0x008001d6        0x0 c:/users/ahmed/desktop/embedded system/nti/avr/tools/sdk_win_64/sdk_win_64/winavr/bin/../lib/gcc/avr/4.3.3/avr5\libgcc.a(_clz.o)
 *(.bss*)
 .bss.AvpAppParameter
                0x008001d6        0x6 ./MCAL/EXTI/EXTI_Prog.o
 .bss.ApFunApp  0x008001dc        0x6 ./MCAL/EXTI/EXTI_Prog.o
 .bss.ADC_pAppFunParameter
                0x008001e2       0x10 ./MCAL/ADC/ADC.o
 .bss.count.1255
                0x008001f2        0x1 ./MCAL/ADC/ADC.o
 .bss.ADC_AppFun
                0x008001f3        0x2 ./MCAL/ADC/ADC.o
 .bss.ADC_pAppFunParameterNum
                0x008001f5        0x1 ./MCAL/ADC/ADC.o
 *(COMMON)
                0x008001f6                PROVIDE (__bss_end, .)
                0x000024c6                __data_load_start = LOADADDR (.data)
                0x0000263c                __data_load_end = (__data_load_start + SIZEOF (.data))

.noinit         0x008001f6        0x0
                0x008001f6                PROVIDE (__noinit_start, .)
 *(.noinit*)
                0x008001f6                PROVIDE (__noinit_end, .)
                0x008001f6                _end = .
                0x008001f6                PROVIDE (__heap_start, .)

.eeprom         0x00810000        0x0
 *(.eeprom*)
                0x00810000                __eeprom_end = .

.fuse
 *(.fuse)
 *(.lfuse)
 *(.hfuse)
 *(.efuse)

.lock
 *(.lock*)

.signature
 *(.signature*)

.stab
 *(.stab)

.stabstr
 *(.stabstr)

.stab.excl
 *(.stab.excl)

.stab.exclstr
 *(.stab.exclstr)

.stab.index
 *(.stab.index)

.stab.indexstr
 *(.stab.indexstr)

.comment
 *(.comment)

.debug
 *(.debug)

.line
 *(.line)

.debug_srcinfo
 *(.debug_srcinfo)

.debug_sfnames
 *(.debug_sfnames)

.debug_aranges  0x00000000      0x120
 *(.debug_aranges)
 .debug_aranges
                0x00000000       0x20 c:/users/ahmed/desktop/embedded system/nti/avr/tools/sdk_win_64/sdk_win_64/winavr/bin/../lib/gcc/avr/4.3.3/avr5\libgcc.a(_addsub_sf.o)
 .debug_aranges
                0x00000020       0x20 c:/users/ahmed/desktop/embedded system/nti/avr/tools/sdk_win_64/sdk_win_64/winavr/bin/../lib/gcc/avr/4.3.3/avr5\libgcc.a(_mul_sf.o)
 .debug_aranges
                0x00000040       0x20 c:/users/ahmed/desktop/embedded system/nti/avr/tools/sdk_win_64/sdk_win_64/winavr/bin/../lib/gcc/avr/4.3.3/avr5\libgcc.a(_eq_sf.o)
 .debug_aranges
                0x00000060       0x20 c:/users/ahmed/desktop/embedded system/nti/avr/tools/sdk_win_64/sdk_win_64/winavr/bin/../lib/gcc/avr/4.3.3/avr5\libgcc.a(_si_to_sf.o)
 .debug_aranges
                0x00000080       0x20 c:/users/ahmed/desktop/embedded system/nti/avr/tools/sdk_win_64/sdk_win_64/winavr/bin/../lib/gcc/avr/4.3.3/avr5\libgcc.a(_sf_to_si.o)
 .debug_aranges
                0x000000a0       0x20 c:/users/ahmed/desktop/embedded system/nti/avr/tools/sdk_win_64/sdk_win_64/winavr/bin/../lib/gcc/avr/4.3.3/avr5\libgcc.a(_clzsi2.o)
 .debug_aranges
                0x000000c0       0x20 c:/users/ahmed/desktop/embedded system/nti/avr/tools/sdk_win_64/sdk_win_64/winavr/bin/../lib/gcc/avr/4.3.3/avr5\libgcc.a(_pack_sf.o)
 .debug_aranges
                0x000000e0       0x20 c:/users/ahmed/desktop/embedded system/nti/avr/tools/sdk_win_64/sdk_win_64/winavr/bin/../lib/gcc/avr/4.3.3/avr5\libgcc.a(_unpack_sf.o)
 .debug_aranges
                0x00000100       0x20 c:/users/ahmed/desktop/embedded system/nti/avr/tools/sdk_win_64/sdk_win_64/winavr/bin/../lib/gcc/avr/4.3.3/avr5\libgcc.a(_fpcmp_parts_sf.o)

.debug_pubnames
                0x00000000      0x172
 *(.debug_pubnames)
 .debug_pubnames
                0x00000000       0x2c c:/users/ahmed/desktop/embedded system/nti/avr/tools/sdk_win_64/sdk_win_64/winavr/bin/../lib/gcc/avr/4.3.3/avr5\libgcc.a(_addsub_sf.o)
 .debug_pubnames
                0x0000002c       0x1f c:/users/ahmed/desktop/embedded system/nti/avr/tools/sdk_win_64/sdk_win_64/winavr/bin/../lib/gcc/avr/4.3.3/avr5\libgcc.a(_mul_sf.o)
 .debug_pubnames
                0x0000004b       0x1e c:/users/ahmed/desktop/embedded system/nti/avr/tools/sdk_win_64/sdk_win_64/winavr/bin/../lib/gcc/avr/4.3.3/avr5\libgcc.a(_eq_sf.o)
 .debug_pubnames
                0x00000069       0x22 c:/users/ahmed/desktop/embedded system/nti/avr/tools/sdk_win_64/sdk_win_64/winavr/bin/../lib/gcc/avr/4.3.3/avr5\libgcc.a(_si_to_sf.o)
 .debug_pubnames
                0x0000008b       0x20 c:/users/ahmed/desktop/embedded system/nti/avr/tools/sdk_win_64/sdk_win_64/winavr/bin/../lib/gcc/avr/4.3.3/avr5\libgcc.a(_sf_to_si.o)
 .debug_pubnames
                0x000000ab       0x22 c:/users/ahmed/desktop/embedded system/nti/avr/tools/sdk_win_64/sdk_win_64/winavr/bin/../lib/gcc/avr/4.3.3/avr5\libgcc.a(_thenan_sf.o)
 .debug_pubnames
                0x000000cd       0x1f c:/users/ahmed/desktop/embedded system/nti/avr/tools/sdk_win_64/sdk_win_64/winavr/bin/../lib/gcc/avr/4.3.3/avr5\libgcc.a(_clzsi2.o)
 .debug_pubnames
                0x000000ec       0x1f c:/users/ahmed/desktop/embedded system/nti/avr/tools/sdk_win_64/sdk_win_64/winavr/bin/../lib/gcc/avr/4.3.3/avr5\libgcc.a(_pack_sf.o)
 .debug_pubnames
                0x0000010b       0x21 c:/users/ahmed/desktop/embedded system/nti/avr/tools/sdk_win_64/sdk_win_64/winavr/bin/../lib/gcc/avr/4.3.3/avr5\libgcc.a(_unpack_sf.o)
 .debug_pubnames
                0x0000012c       0x26 c:/users/ahmed/desktop/embedded system/nti/avr/tools/sdk_win_64/sdk_win_64/winavr/bin/../lib/gcc/avr/4.3.3/avr5\libgcc.a(_fpcmp_parts_sf.o)
 .debug_pubnames
                0x00000152       0x20 c:/users/ahmed/desktop/embedded system/nti/avr/tools/sdk_win_64/sdk_win_64/winavr/bin/../lib/gcc/avr/4.3.3/avr5\libgcc.a(_clz.o)

.debug_info     0x00000000     0x1a61
 *(.debug_info)
 .debug_info    0x00000000      0x47a c:/users/ahmed/desktop/embedded system/nti/avr/tools/sdk_win_64/sdk_win_64/winavr/bin/../lib/gcc/avr/4.3.3/avr5\libgcc.a(_addsub_sf.o)
 .debug_info    0x0000047a      0x485 c:/users/ahmed/desktop/embedded system/nti/avr/tools/sdk_win_64/sdk_win_64/winavr/bin/../lib/gcc/avr/4.3.3/avr5\libgcc.a(_mul_sf.o)
 .debug_info    0x000008ff      0x27f c:/users/ahmed/desktop/embedded system/nti/avr/tools/sdk_win_64/sdk_win_64/winavr/bin/../lib/gcc/avr/4.3.3/avr5\libgcc.a(_eq_sf.o)
 .debug_info    0x00000b7e      0x207 c:/users/ahmed/desktop/embedded system/nti/avr/tools/sdk_win_64/sdk_win_64/winavr/bin/../lib/gcc/avr/4.3.3/avr5\libgcc.a(_si_to_sf.o)
 .debug_info    0x00000d85      0x2b0 c:/users/ahmed/desktop/embedded system/nti/avr/tools/sdk_win_64/sdk_win_64/winavr/bin/../lib/gcc/avr/4.3.3/avr5\libgcc.a(_sf_to_si.o)
 .debug_info    0x00001035      0x12c c:/users/ahmed/desktop/embedded system/nti/avr/tools/sdk_win_64/sdk_win_64/winavr/bin/../lib/gcc/avr/4.3.3/avr5\libgcc.a(_thenan_sf.o)
 .debug_info    0x00001161      0x117 c:/users/ahmed/desktop/embedded system/nti/avr/tools/sdk_win_64/sdk_win_64/winavr/bin/../lib/gcc/avr/4.3.3/avr5\libgcc.a(_clzsi2.o)
 .debug_info    0x00001278      0x2df c:/users/ahmed/desktop/embedded system/nti/avr/tools/sdk_win_64/sdk_win_64/winavr/bin/../lib/gcc/avr/4.3.3/avr5\libgcc.a(_pack_sf.o)
 .debug_info    0x00001557      0x251 c:/users/ahmed/desktop/embedded system/nti/avr/tools/sdk_win_64/sdk_win_64/winavr/bin/../lib/gcc/avr/4.3.3/avr5\libgcc.a(_unpack_sf.o)
 .debug_info    0x000017a8      0x210 c:/users/ahmed/desktop/embedded system/nti/avr/tools/sdk_win_64/sdk_win_64/winavr/bin/../lib/gcc/avr/4.3.3/avr5\libgcc.a(_fpcmp_parts_sf.o)
 .debug_info    0x000019b8       0xa9 c:/users/ahmed/desktop/embedded system/nti/avr/tools/sdk_win_64/sdk_win_64/winavr/bin/../lib/gcc/avr/4.3.3/avr5\libgcc.a(_clz.o)
 *(.gnu.linkonce.wi.*)

.debug_abbrev   0x00000000      0xe50
 *(.debug_abbrev)
 .debug_abbrev  0x00000000      0x1ea c:/users/ahmed/desktop/embedded system/nti/avr/tools/sdk_win_64/sdk_win_64/winavr/bin/../lib/gcc/avr/4.3.3/avr5\libgcc.a(_addsub_sf.o)
 .debug_abbrev  0x000001ea      0x21b c:/users/ahmed/desktop/embedded system/nti/avr/tools/sdk_win_64/sdk_win_64/winavr/bin/../lib/gcc/avr/4.3.3/avr5\libgcc.a(_mul_sf.o)
 .debug_abbrev  0x00000405      0x15a c:/users/ahmed/desktop/embedded system/nti/avr/tools/sdk_win_64/sdk_win_64/winavr/bin/../lib/gcc/avr/4.3.3/avr5\libgcc.a(_eq_sf.o)
 .debug_abbrev  0x0000055f      0x148 c:/users/ahmed/desktop/embedded system/nti/avr/tools/sdk_win_64/sdk_win_64/winavr/bin/../lib/gcc/avr/4.3.3/avr5\libgcc.a(_si_to_sf.o)
 .debug_abbrev  0x000006a7      0x17f c:/users/ahmed/desktop/embedded system/nti/avr/tools/sdk_win_64/sdk_win_64/winavr/bin/../lib/gcc/avr/4.3.3/avr5\libgcc.a(_sf_to_si.o)
 .debug_abbrev  0x00000826       0xad c:/users/ahmed/desktop/embedded system/nti/avr/tools/sdk_win_64/sdk_win_64/winavr/bin/../lib/gcc/avr/4.3.3/avr5\libgcc.a(_thenan_sf.o)
 .debug_abbrev  0x000008d3       0xc4 c:/users/ahmed/desktop/embedded system/nti/avr/tools/sdk_win_64/sdk_win_64/winavr/bin/../lib/gcc/avr/4.3.3/avr5\libgcc.a(_clzsi2.o)
 .debug_abbrev  0x00000997      0x1c0 c:/users/ahmed/desktop/embedded system/nti/avr/tools/sdk_win_64/sdk_win_64/winavr/bin/../lib/gcc/avr/4.3.3/avr5\libgcc.a(_pack_sf.o)
 .debug_abbrev  0x00000b57      0x154 c:/users/ahmed/desktop/embedded system/nti/avr/tools/sdk_win_64/sdk_win_64/winavr/bin/../lib/gcc/avr/4.3.3/avr5\libgcc.a(_unpack_sf.o)
 .debug_abbrev  0x00000cab      0x13b c:/users/ahmed/desktop/embedded system/nti/avr/tools/sdk_win_64/sdk_win_64/winavr/bin/../lib/gcc/avr/4.3.3/avr5\libgcc.a(_fpcmp_parts_sf.o)
 .debug_abbrev  0x00000de6       0x6a c:/users/ahmed/desktop/embedded system/nti/avr/tools/sdk_win_64/sdk_win_64/winavr/bin/../lib/gcc/avr/4.3.3/avr5\libgcc.a(_clz.o)

.debug_line     0x00000000      0xdb6
 *(.debug_line)
 .debug_line    0x00000000      0x2af c:/users/ahmed/desktop/embedded system/nti/avr/tools/sdk_win_64/sdk_win_64/winavr/bin/../lib/gcc/avr/4.3.3/avr5\libgcc.a(_addsub_sf.o)
 .debug_line    0x000002af      0x239 c:/users/ahmed/desktop/embedded system/nti/avr/tools/sdk_win_64/sdk_win_64/winavr/bin/../lib/gcc/avr/4.3.3/avr5\libgcc.a(_mul_sf.o)
 .debug_line    0x000004e8       0xd3 c:/users/ahmed/desktop/embedded system/nti/avr/tools/sdk_win_64/sdk_win_64/winavr/bin/../lib/gcc/avr/4.3.3/avr5\libgcc.a(_eq_sf.o)
 .debug_line    0x000005bb      0x135 c:/users/ahmed/desktop/embedded system/nti/avr/tools/sdk_win_64/sdk_win_64/winavr/bin/../lib/gcc/avr/4.3.3/avr5\libgcc.a(_si_to_sf.o)
 .debug_line    0x000006f0      0x109 c:/users/ahmed/desktop/embedded system/nti/avr/tools/sdk_win_64/sdk_win_64/winavr/bin/../lib/gcc/avr/4.3.3/avr5\libgcc.a(_sf_to_si.o)
 .debug_line    0x000007f9       0x90 c:/users/ahmed/desktop/embedded system/nti/avr/tools/sdk_win_64/sdk_win_64/winavr/bin/../lib/gcc/avr/4.3.3/avr5\libgcc.a(_thenan_sf.o)
 .debug_line    0x00000889       0xa5 c:/users/ahmed/desktop/embedded system/nti/avr/tools/sdk_win_64/sdk_win_64/winavr/bin/../lib/gcc/avr/4.3.3/avr5\libgcc.a(_clzsi2.o)
 .debug_line    0x0000092e      0x18a c:/users/ahmed/desktop/embedded system/nti/avr/tools/sdk_win_64/sdk_win_64/winavr/bin/../lib/gcc/avr/4.3.3/avr5\libgcc.a(_pack_sf.o)
 .debug_line    0x00000ab8      0x14b c:/users/ahmed/desktop/embedded system/nti/avr/tools/sdk_win_64/sdk_win_64/winavr/bin/../lib/gcc/avr/4.3.3/avr5\libgcc.a(_unpack_sf.o)
 .debug_line    0x00000c03      0x137 c:/users/ahmed/desktop/embedded system/nti/avr/tools/sdk_win_64/sdk_win_64/winavr/bin/../lib/gcc/avr/4.3.3/avr5\libgcc.a(_fpcmp_parts_sf.o)
 .debug_line    0x00000d3a       0x7c c:/users/ahmed/desktop/embedded system/nti/avr/tools/sdk_win_64/sdk_win_64/winavr/bin/../lib/gcc/avr/4.3.3/avr5\libgcc.a(_clz.o)

.debug_frame    0x00000000      0x140
 *(.debug_frame)
 .debug_frame   0x00000000       0x40 c:/users/ahmed/desktop/embedded system/nti/avr/tools/sdk_win_64/sdk_win_64/winavr/bin/../lib/gcc/avr/4.3.3/avr5\libgcc.a(_addsub_sf.o)
 .debug_frame   0x00000040       0x20 c:/users/ahmed/desktop/embedded system/nti/avr/tools/sdk_win_64/sdk_win_64/winavr/bin/../lib/gcc/avr/4.3.3/avr5\libgcc.a(_mul_sf.o)
 .debug_frame   0x00000060       0x20 c:/users/ahmed/desktop/embedded system/nti/avr/tools/sdk_win_64/sdk_win_64/winavr/bin/../lib/gcc/avr/4.3.3/avr5\libgcc.a(_eq_sf.o)
 .debug_frame   0x00000080       0x20 c:/users/ahmed/desktop/embedded system/nti/avr/tools/sdk_win_64/sdk_win_64/winavr/bin/../lib/gcc/avr/4.3.3/avr5\libgcc.a(_si_to_sf.o)
 .debug_frame   0x000000a0       0x20 c:/users/ahmed/desktop/embedded system/nti/avr/tools/sdk_win_64/sdk_win_64/winavr/bin/../lib/gcc/avr/4.3.3/avr5\libgcc.a(_sf_to_si.o)
 .debug_frame   0x000000c0       0x20 c:/users/ahmed/desktop/embedded system/nti/avr/tools/sdk_win_64/sdk_win_64/winavr/bin/../lib/gcc/avr/4.3.3/avr5\libgcc.a(_clzsi2.o)
 .debug_frame   0x000000e0       0x20 c:/users/ahmed/desktop/embedded system/nti/avr/tools/sdk_win_64/sdk_win_64/winavr/bin/../lib/gcc/avr/4.3.3/avr5\libgcc.a(_pack_sf.o)
 .debug_frame   0x00000100       0x20 c:/users/ahmed/desktop/embedded system/nti/avr/tools/sdk_win_64/sdk_win_64/winavr/bin/../lib/gcc/avr/4.3.3/avr5\libgcc.a(_unpack_sf.o)
 .debug_frame   0x00000120       0x20 c:/users/ahmed/desktop/embedded system/nti/avr/tools/sdk_win_64/sdk_win_64/winavr/bin/../lib/gcc/avr/4.3.3/avr5\libgcc.a(_fpcmp_parts_sf.o)

.debug_str      0x00000000      0x2a1
 *(.debug_str)
 .debug_str     0x00000000      0x19e c:/users/ahmed/desktop/embedded system/nti/avr/tools/sdk_win_64/sdk_win_64/winavr/bin/../lib/gcc/avr/4.3.3/avr5\libgcc.a(_addsub_sf.o)
                                0x206 (size before relaxing)
 .debug_str     0x0000019e       0x27 c:/users/ahmed/desktop/embedded system/nti/avr/tools/sdk_win_64/sdk_win_64/winavr/bin/../lib/gcc/avr/4.3.3/avr5\libgcc.a(_mul_sf.o)
                                0x1bf (size before relaxing)
 .debug_str     0x000001c5        0x8 c:/users/ahmed/desktop/embedded system/nti/avr/tools/sdk_win_64/sdk_win_64/winavr/bin/../lib/gcc/avr/4.3.3/avr5\libgcc.a(_eq_sf.o)
                                0x195 (size before relaxing)
 .debug_str     0x000001cd       0x1e c:/users/ahmed/desktop/embedded system/nti/avr/tools/sdk_win_64/sdk_win_64/winavr/bin/../lib/gcc/avr/4.3.3/avr5\libgcc.a(_si_to_sf.o)
                                0x17b (size before relaxing)
 .debug_str     0x000001eb        0xa c:/users/ahmed/desktop/embedded system/nti/avr/tools/sdk_win_64/sdk_win_64/winavr/bin/../lib/gcc/avr/4.3.3/avr5\libgcc.a(_sf_to_si.o)
                                0x19e (size before relaxing)
 .debug_str     0x00000000      0x103 c:/users/ahmed/desktop/embedded system/nti/avr/tools/sdk_win_64/sdk_win_64/winavr/bin/../lib/gcc/avr/4.3.3/avr5\libgcc.a(_thenan_sf.o)
 .debug_str     0x000001f5       0x81 c:/users/ahmed/desktop/embedded system/nti/avr/tools/sdk_win_64/sdk_win_64/winavr/bin/../lib/gcc/avr/4.3.3/avr5\libgcc.a(_clzsi2.o)
                                0x111 (size before relaxing)
 .debug_str     0x00000276       0x10 c:/users/ahmed/desktop/embedded system/nti/avr/tools/sdk_win_64/sdk_win_64/winavr/bin/../lib/gcc/avr/4.3.3/avr5\libgcc.a(_pack_sf.o)
                                0x19d (size before relaxing)
 .debug_str     0x00000286        0xb c:/users/ahmed/desktop/embedded system/nti/avr/tools/sdk_win_64/sdk_win_64/winavr/bin/../lib/gcc/avr/4.3.3/avr5\libgcc.a(_unpack_sf.o)
                                0x17f (size before relaxing)
 .debug_str     0x00000291       0x10 c:/users/ahmed/desktop/embedded system/nti/avr/tools/sdk_win_64/sdk_win_64/winavr/bin/../lib/gcc/avr/4.3.3/avr5\libgcc.a(_fpcmp_parts_sf.o)
                                0x163 (size before relaxing)
 .debug_str     0x00000000       0xf4 c:/users/ahmed/desktop/embedded system/nti/avr/tools/sdk_win_64/sdk_win_64/winavr/bin/../lib/gcc/avr/4.3.3/avr5\libgcc.a(_clz.o)

.debug_loc      0x00000000      0x862
 *(.debug_loc)
 .debug_loc     0x00000000      0x32a c:/users/ahmed/desktop/embedded system/nti/avr/tools/sdk_win_64/sdk_win_64/winavr/bin/../lib/gcc/avr/4.3.3/avr5\libgcc.a(_addsub_sf.o)
 .debug_loc     0x0000032a      0x104 c:/users/ahmed/desktop/embedded system/nti/avr/tools/sdk_win_64/sdk_win_64/winavr/bin/../lib/gcc/avr/4.3.3/avr5\libgcc.a(_mul_sf.o)
 .debug_loc     0x0000042e       0x3c c:/users/ahmed/desktop/embedded system/nti/avr/tools/sdk_win_64/sdk_win_64/winavr/bin/../lib/gcc/avr/4.3.3/avr5\libgcc.a(_eq_sf.o)
 .debug_loc     0x0000046a       0xac c:/users/ahmed/desktop/embedded system/nti/avr/tools/sdk_win_64/sdk_win_64/winavr/bin/../lib/gcc/avr/4.3.3/avr5\libgcc.a(_si_to_sf.o)
 .debug_loc     0x00000516       0x7e c:/users/ahmed/desktop/embedded system/nti/avr/tools/sdk_win_64/sdk_win_64/winavr/bin/../lib/gcc/avr/4.3.3/avr5\libgcc.a(_sf_to_si.o)
 .debug_loc     0x00000594       0x94 c:/users/ahmed/desktop/embedded system/nti/avr/tools/sdk_win_64/sdk_win_64/winavr/bin/../lib/gcc/avr/4.3.3/avr5\libgcc.a(_clzsi2.o)
 .debug_loc     0x00000628      0x13e c:/users/ahmed/desktop/embedded system/nti/avr/tools/sdk_win_64/sdk_win_64/winavr/bin/../lib/gcc/avr/4.3.3/avr5\libgcc.a(_pack_sf.o)
 .debug_loc     0x00000766       0xac c:/users/ahmed/desktop/embedded system/nti/avr/tools/sdk_win_64/sdk_win_64/winavr/bin/../lib/gcc/avr/4.3.3/avr5\libgcc.a(_unpack_sf.o)
 .debug_loc     0x00000812       0x50 c:/users/ahmed/desktop/embedded system/nti/avr/tools/sdk_win_64/sdk_win_64/winavr/bin/../lib/gcc/avr/4.3.3/avr5\libgcc.a(_fpcmp_parts_sf.o)

.debug_macinfo
 *(.debug_macinfo)
OUTPUT(Atmega32_All_Drivers.elf elf32-avr)
LOAD linker stubs

.debug_ranges   0x00000000       0x50
 .debug_ranges  0x00000000       0x50 c:/users/ahmed/desktop/embedded system/nti/avr/tools/sdk_win_64/sdk_win_64/winavr/bin/../lib/gcc/avr/4.3.3/avr5\libgcc.a(_mul_sf.o)
