Archive member included because of file (symbol)

c:/users/ahmed/desktop/embedded system/nti/avr/tools/sdk_win_64/sdk_win_64/winavr/bin/../lib/gcc/avr/4.3.3/avr5\libgcc.a(_mulsi3.o)
                              ./HAL/LCD/LCD_Prog.o (__mulsi3)
c:/users/ahmed/desktop/embedded system/nti/avr/tools/sdk_win_64/sdk_win_64/winavr/bin/../lib/gcc/avr/4.3.3/avr5\libgcc.a(_udivmodsi4.o)
                              ./HAL/LCD/LCD_Prog.o (__udivmodsi4)
c:/users/ahmed/desktop/embedded system/nti/avr/tools/sdk_win_64/sdk_win_64/winavr/bin/../lib/gcc/avr/4.3.3/avr5\libgcc.a(_divmodsi4.o)
                              ./HAL/LCD/LCD_Prog.o (__divmodsi4)
c:/users/ahmed/desktop/embedded system/nti/avr/tools/sdk_win_64/sdk_win_64/winavr/bin/../lib/gcc/avr/4.3.3/avr5\libgcc.a(_exit.o)
                              c:/users/ahmed/desktop/embedded system/nti/avr/tools/sdk_win_64/sdk_win_64/winavr/bin/../lib/gcc/avr/4.3.3/../../../../avr/lib/avr5/crtm32.o (exit)
c:/users/ahmed/desktop/embedded system/nti/avr/tools/sdk_win_64/sdk_win_64/winavr/bin/../lib/gcc/avr/4.3.3/avr5\libgcc.a(_copy_data.o)
                              ./MCAL/EXTI/EXTI_Config.o (__do_copy_data)
c:/users/ahmed/desktop/embedded system/nti/avr/tools/sdk_win_64/sdk_win_64/winavr/bin/../lib/gcc/avr/4.3.3/avr5\libgcc.a(_clear_bss.o)
                              ./MCAL/EXTI/EXTI_Prog.o (__do_clear_bss)
c:/users/ahmed/desktop/embedded system/nti/avr/tools/sdk_win_64/sdk_win_64/winavr/bin/../lib/gcc/avr/4.3.3/avr5\libgcc.a(_addsub_sf.o)
                              ./HAL/LCD/LCD_Prog.o (__subsf3)
c:/users/ahmed/desktop/embedded system/nti/avr/tools/sdk_win_64/sdk_win_64/winavr/bin/../lib/gcc/avr/4.3.3/avr5\libgcc.a(_mul_sf.o)
                              ./HAL/LCD/LCD_Prog.o (__mulsf3)
c:/users/ahmed/desktop/embedded system/nti/avr/tools/sdk_win_64/sdk_win_64/winavr/bin/../lib/gcc/avr/4.3.3/avr5\libgcc.a(_div_sf.o)
                              ./APP/main.o (__divsf3)
c:/users/ahmed/desktop/embedded system/nti/avr/tools/sdk_win_64/sdk_win_64/winavr/bin/../lib/gcc/avr/4.3.3/avr5\libgcc.a(_eq_sf.o)
                              ./HAL/LCD/LCD_Prog.o (__eqsf2)
c:/users/ahmed/desktop/embedded system/nti/avr/tools/sdk_win_64/sdk_win_64/winavr/bin/../lib/gcc/avr/4.3.3/avr5\libgcc.a(_si_to_sf.o)
                              ./HAL/LCD/LCD_Prog.o (__floatsisf)
c:/users/ahmed/desktop/embedded system/nti/avr/tools/sdk_win_64/sdk_win_64/winavr/bin/../lib/gcc/avr/4.3.3/avr5\libgcc.a(_sf_to_si.o)
                              ./HAL/LCD/LCD_Prog.o (__fixsfsi)
c:/users/ahmed/desktop/embedded system/nti/avr/tools/sdk_win_64/sdk_win_64/winavr/bin/../lib/gcc/avr/4.3.3/avr5\libgcc.a(_thenan_sf.o)
                              c:/users/ahmed/desktop/embedded system/nti/avr/tools/sdk_win_64/sdk_win_64/winavr/bin/../lib/gcc/avr/4.3.3/avr5\libgcc.a(_addsub_sf.o) (__thenan_sf)
c:/users/ahmed/desktop/embedded system/nti/avr/tools/sdk_win_64/sdk_win_64/winavr/bin/../lib/gcc/avr/4.3.3/avr5\libgcc.a(_prologue.o)
                              c:/users/ahmed/desktop/embedded system/nti/avr/tools/sdk_win_64/sdk_win_64/winavr/bin/../lib/gcc/avr/4.3.3/avr5\libgcc.a(_addsub_sf.o) (__prologue_saves__)
c:/users/ahmed/desktop/embedded system/nti/avr/tools/sdk_win_64/sdk_win_64/winavr/bin/../lib/gcc/avr/4.3.3/avr5\libgcc.a(_epilogue.o)
                              c:/users/ahmed/desktop/embedded system/nti/avr/tools/sdk_win_64/sdk_win_64/winavr/bin/../lib/gcc/avr/4.3.3/avr5\libgcc.a(_addsub_sf.o) (__epilogue_restores__)
c:/users/ahmed/desktop/embedded system/nti/avr/tools/sdk_win_64/sdk_win_64/winavr/bin/../lib/gcc/avr/4.3.3/avr5\libgcc.a(_clzsi2.o)
                              c:/users/ahmed/desktop/embedded system/nti/avr/tools/sdk_win_64/sdk_win_64/winavr/bin/../lib/gcc/avr/4.3.3/avr5\libgcc.a(_si_to_sf.o) (__clzsi2)
c:/users/ahmed/desktop/embedded system/nti/avr/tools/sdk_win_64/sdk_win_64/winavr/bin/../lib/gcc/avr/4.3.3/avr5\libgcc.a(_pack_sf.o)
                              c:/users/ahmed/desktop/embedded system/nti/avr/tools/sdk_win_64/sdk_win_64/winavr/bin/../lib/gcc/avr/4.3.3/avr5\libgcc.a(_addsub_sf.o) (__pack_f)
c:/users/ahmed/desktop/embedded system/nti/avr/tools/sdk_win_64/sdk_win_64/winavr/bin/../lib/gcc/avr/4.3.3/avr5\libgcc.a(_unpack_sf.o)
                              c:/users/ahmed/desktop/embedded system/nti/avr/tools/sdk_win_64/sdk_win_64/winavr/bin/../lib/gcc/avr/4.3.3/avr5\libgcc.a(_addsub_sf.o) (__unpack_f)
c:/users/ahmed/desktop/embedded system/nti/avr/tools/sdk_win_64/sdk_win_64/winavr/bin/../lib/gcc/avr/4.3.3/avr5\libgcc.a(_fpcmp_parts_sf.o)
                              c:/users/ahmed/desktop/embedded system/nti/avr/tools/sdk_win_64/sdk_win_64/winavr/bin/../lib/gcc/avr/4.3.3/avr5\libgcc.a(_eq_sf.o) (__fpcmp_parts_f)
c:/users/ahmed/desktop/embedded system/nti/avr/tools/sdk_win_64/sdk_win_64/winavr/bin/../lib/gcc/avr/4.3.3/avr5\libgcc.a(_clz.o)
                              c:/users/ahmed/desktop/embedded system/nti/avr/tools/sdk_win_64/sdk_win_64/winavr/bin/../lib/gcc/avr/4.3.3/avr5\libgcc.a(_clzsi2.o) (__clz_tab)

Memory Configuration

Name             Origin             Length             Attributes
text             0x00000000         0x00020000         xr
data             0x00800060         0x0000ffa0         rw !x
eeprom           0x00810000         0x00010000         rw !x
fuse             0x00820000         0x00000400         rw !x
lock             0x00830000         0x00000400         rw !x
signature        0x00840000         0x00000400         rw !x
*default*        0x00000000         0xffffffff

Linker script and memory map

LOAD c:/users/ahmed/desktop/embedded system/nti/avr/tools/sdk_win_64/sdk_win_64/winavr/bin/../lib/gcc/avr/4.3.3/../../../../avr/lib/avr5/crtm32.o
LOAD ./MCAL/EXTI/EXTI_Config.o
LOAD ./MCAL/EXTI/EXTI_Prog.o
LOAD ./MCAL/EEPROM/EEPROM.o
LOAD ./MCAL/DIO/DIO.o
LOAD ./MCAL/ADC/ADC.o
LOAD ./HAL/Switch/Switch_Config.o
LOAD ./HAL/Switch/Switch_Prog.o
LOAD ./HAL/SSD/SSD_Config.o
LOAD ./HAL/SSD/SSD_Prog.o
LOAD ./HAL/Relay/Relay_Config.o
LOAD ./HAL/Relay/Relay_Prog.o
LOAD ./HAL/LED/LED_Config.o
LOAD ./HAL/LED/LED_Prog.o
LOAD ./HAL/LCD/LCD_Prog.o
LOAD ./HAL/Keypad/Keypad_Prog.o
LOAD ./HAL/Buzzer/Buzzer_Config.o
LOAD ./HAL/Buzzer/Buzzer_Prog.o
LOAD ./APP/main.o
LOAD c:/users/ahmed/desktop/embedded system/nti/avr/tools/sdk_win_64/sdk_win_64/winavr/bin/../lib/gcc/avr/4.3.3/avr5\libgcc.a
LOAD c:/users/ahmed/desktop/embedded system/nti/avr/tools/sdk_win_64/sdk_win_64/winavr/bin/../lib/gcc/avr/4.3.3/../../../../avr/lib/avr5\libc.a
LOAD c:/users/ahmed/desktop/embedded system/nti/avr/tools/sdk_win_64/sdk_win_64/winavr/bin/../lib/gcc/avr/4.3.3/avr5\libgcc.a

.hash
 *(.hash)

.dynsym
 *(.dynsym)

.dynstr
 *(.dynstr)

.gnu.version
 *(.gnu.version)

.gnu.version_d
 *(.gnu.version_d)

.gnu.version_r
 *(.gnu.version_r)

.rel.init
 *(.rel.init)

.rela.init
 *(.rela.init)

.rel.text
 *(.rel.text)
 *(.rel.text.*)
 *(.rel.gnu.linkonce.t*)

.rela.text
 *(.rela.text)
 *(.rela.text.*)
 *(.rela.gnu.linkonce.t*)

.rel.fini
 *(.rel.fini)

.rela.fini
 *(.rela.fini)

.rel.rodata
 *(.rel.rodata)
 *(.rel.rodata.*)
 *(.rel.gnu.linkonce.r*)

.rela.rodata
 *(.rela.rodata)
 *(.rela.rodata.*)
 *(.rela.gnu.linkonce.r*)

.rel.data
 *(.rel.data)
 *(.rel.data.*)
 *(.rel.gnu.linkonce.d*)

.rela.data
 *(.rela.data)
 *(.rela.data.*)
 *(.rela.gnu.linkonce.d*)

.rel.ctors
 *(.rel.ctors)

.rela.ctors
 *(.rela.ctors)

.rel.dtors
 *(.rel.dtors)

.rela.dtors
 *(.rela.dtors)

.rel.got
 *(.rel.got)

.rela.got
 *(.rela.got)

.rel.bss
 *(.rel.bss)

.rela.bss
 *(.rela.bss)

.rel.plt
 *(.rel.plt)

.rela.plt
 *(.rela.plt)

.text           0x00000000     0x2a92
 *(.vectors)
 .vectors       0x00000000       0x54 c:/users/ahmed/desktop/embedded system/nti/avr/tools/sdk_win_64/sdk_win_64/winavr/bin/../lib/gcc/avr/4.3.3/../../../../avr/lib/avr5/crtm32.o
                0x00000000                __vectors
                0x00000000                __vector_default
 *(.vectors)
 *(.progmem.gcc*)
 *(.progmem*)
                0x00000054                . = ALIGN (0x2)
                0x00000054                __trampolines_start = .
 *(.trampolines)
 .trampolines   0x00000054        0x0 linker stubs
 *(.trampolines*)
                0x00000054                __trampolines_end = .
 *(.jumptables)
 *(.jumptables*)
 *(.lowtext)
 *(.lowtext*)
                0x00000054                __ctors_start = .
 *(.ctors)
                0x00000054                __ctors_end = .
                0x00000054                __dtors_start = .
 *(.dtors)
                0x00000054                __dtors_end = .
 SORT(*)(.ctors)
 SORT(*)(.dtors)
 *(.init0)
 .init0         0x00000054        0x0 c:/users/ahmed/desktop/embedded system/nti/avr/tools/sdk_win_64/sdk_win_64/winavr/bin/../lib/gcc/avr/4.3.3/../../../../avr/lib/avr5/crtm32.o
                0x00000054                __init
 *(.init0)
 *(.init1)
 *(.init1)
 *(.init2)
 .init2         0x00000054        0xc c:/users/ahmed/desktop/embedded system/nti/avr/tools/sdk_win_64/sdk_win_64/winavr/bin/../lib/gcc/avr/4.3.3/../../../../avr/lib/avr5/crtm32.o
 *(.init2)
 *(.init3)
 *(.init3)
 *(.init4)
 .init4         0x00000060       0x16 c:/users/ahmed/desktop/embedded system/nti/avr/tools/sdk_win_64/sdk_win_64/winavr/bin/../lib/gcc/avr/4.3.3/avr5\libgcc.a(_copy_data.o)
                0x00000060                __do_copy_data
 .init4         0x00000076       0x10 c:/users/ahmed/desktop/embedded system/nti/avr/tools/sdk_win_64/sdk_win_64/winavr/bin/../lib/gcc/avr/4.3.3/avr5\libgcc.a(_clear_bss.o)
                0x00000076                __do_clear_bss
 *(.init4)
 *(.init5)
 *(.init5)
 *(.init6)
 *(.init6)
 *(.init7)
 *(.init7)
 *(.init8)
 *(.init8)
 *(.init9)
 .init9         0x00000086        0x8 c:/users/ahmed/desktop/embedded system/nti/avr/tools/sdk_win_64/sdk_win_64/winavr/bin/../lib/gcc/avr/4.3.3/../../../../avr/lib/avr5/crtm32.o
 *(.init9)
 *(.text)
 .text          0x0000008e        0x4 c:/users/ahmed/desktop/embedded system/nti/avr/tools/sdk_win_64/sdk_win_64/winavr/bin/../lib/gcc/avr/4.3.3/../../../../avr/lib/avr5/crtm32.o
                0x0000008e                __vector_12
                0x0000008e                __bad_interrupt
                0x0000008e                __vector_6
                0x0000008e                __vector_11
                0x0000008e                __vector_13
                0x0000008e                __vector_17
                0x0000008e                __vector_19
                0x0000008e                __vector_7
                0x0000008e                __vector_5
                0x0000008e                __vector_4
                0x0000008e                __vector_9
                0x0000008e                __vector_15
                0x0000008e                __vector_8
                0x0000008e                __vector_14
                0x0000008e                __vector_10
                0x0000008e                __vector_18
                0x0000008e                __vector_20
 .text          0x00000092        0x0 ./MCAL/EXTI/EXTI_Config.o
 .text          0x00000092        0x0 ./MCAL/EXTI/EXTI_Prog.o
 .text          0x00000092        0x0 ./MCAL/EEPROM/EEPROM.o
 .text          0x00000092        0x0 ./MCAL/DIO/DIO.o
 .text          0x00000092        0x0 ./MCAL/ADC/ADC.o
 .text          0x00000092        0x0 ./HAL/Switch/Switch_Config.o
 .text          0x00000092        0x0 ./HAL/Switch/Switch_Prog.o
 .text          0x00000092        0x0 ./HAL/SSD/SSD_Config.o
 .text          0x00000092        0x0 ./HAL/SSD/SSD_Prog.o
 .text          0x00000092        0x0 ./HAL/Relay/Relay_Config.o
 .text          0x00000092        0x0 ./HAL/Relay/Relay_Prog.o
 .text          0x00000092        0x0 ./HAL/LED/LED_Config.o
 .text          0x00000092        0x0 ./HAL/LED/LED_Prog.o
 .text          0x00000092        0x0 ./HAL/LCD/LCD_Prog.o
 .text          0x00000092        0x0 ./HAL/Keypad/Keypad_Prog.o
 .text          0x00000092        0x0 ./HAL/Buzzer/Buzzer_Config.o
 .text          0x00000092        0x0 ./HAL/Buzzer/Buzzer_Prog.o
 .text          0x00000092        0x0 ./APP/main.o
 .text          0x00000092        0x0 c:/users/ahmed/desktop/embedded system/nti/avr/tools/sdk_win_64/sdk_win_64/winavr/bin/../lib/gcc/avr/4.3.3/avr5\libgcc.a(_mulsi3.o)
 .text          0x00000092        0x0 c:/users/ahmed/desktop/embedded system/nti/avr/tools/sdk_win_64/sdk_win_64/winavr/bin/../lib/gcc/avr/4.3.3/avr5\libgcc.a(_udivmodsi4.o)
 .text          0x00000092        0x0 c:/users/ahmed/desktop/embedded system/nti/avr/tools/sdk_win_64/sdk_win_64/winavr/bin/../lib/gcc/avr/4.3.3/avr5\libgcc.a(_divmodsi4.o)
 .text          0x00000092        0x0 c:/users/ahmed/desktop/embedded system/nti/avr/tools/sdk_win_64/sdk_win_64/winavr/bin/../lib/gcc/avr/4.3.3/avr5\libgcc.a(_exit.o)
 .text          0x00000092        0x0 c:/users/ahmed/desktop/embedded system/nti/avr/tools/sdk_win_64/sdk_win_64/winavr/bin/../lib/gcc/avr/4.3.3/avr5\libgcc.a(_copy_data.o)
 .text          0x00000092        0x0 c:/users/ahmed/desktop/embedded system/nti/avr/tools/sdk_win_64/sdk_win_64/winavr/bin/../lib/gcc/avr/4.3.3/avr5\libgcc.a(_clear_bss.o)
 .text          0x00000092      0x354 c:/users/ahmed/desktop/embedded system/nti/avr/tools/sdk_win_64/sdk_win_64/winavr/bin/../lib/gcc/avr/4.3.3/avr5\libgcc.a(_addsub_sf.o)
                0x0000032a                __subsf3
                0x0000038c                __addsf3
 .text          0x000003e6      0x1f4 c:/users/ahmed/desktop/embedded system/nti/avr/tools/sdk_win_64/sdk_win_64/winavr/bin/../lib/gcc/avr/4.3.3/avr5\libgcc.a(_mul_sf.o)
                0x000003e6                __mulsf3
 .text          0x000005da      0x158 c:/users/ahmed/desktop/embedded system/nti/avr/tools/sdk_win_64/sdk_win_64/winavr/bin/../lib/gcc/avr/4.3.3/avr5\libgcc.a(_div_sf.o)
                0x000005da                __divsf3
 .text          0x00000732       0x60 c:/users/ahmed/desktop/embedded system/nti/avr/tools/sdk_win_64/sdk_win_64/winavr/bin/../lib/gcc/avr/4.3.3/avr5\libgcc.a(_eq_sf.o)
                0x00000732                __eqsf2
 .text          0x00000792       0xbc c:/users/ahmed/desktop/embedded system/nti/avr/tools/sdk_win_64/sdk_win_64/winavr/bin/../lib/gcc/avr/4.3.3/avr5\libgcc.a(_si_to_sf.o)
                0x00000792                __floatsisf
 .text          0x0000084e       0xa8 c:/users/ahmed/desktop/embedded system/nti/avr/tools/sdk_win_64/sdk_win_64/winavr/bin/../lib/gcc/avr/4.3.3/avr5\libgcc.a(_sf_to_si.o)
                0x0000084e                __fixsfsi
 .text          0x000008f6        0x0 c:/users/ahmed/desktop/embedded system/nti/avr/tools/sdk_win_64/sdk_win_64/winavr/bin/../lib/gcc/avr/4.3.3/avr5\libgcc.a(_thenan_sf.o)
 .text          0x000008f6        0x0 c:/users/ahmed/desktop/embedded system/nti/avr/tools/sdk_win_64/sdk_win_64/winavr/bin/../lib/gcc/avr/4.3.3/avr5\libgcc.a(_prologue.o)
 .text          0x000008f6        0x0 c:/users/ahmed/desktop/embedded system/nti/avr/tools/sdk_win_64/sdk_win_64/winavr/bin/../lib/gcc/avr/4.3.3/avr5\libgcc.a(_epilogue.o)
 .text          0x000008f6       0x9e c:/users/ahmed/desktop/embedded system/nti/avr/tools/sdk_win_64/sdk_win_64/winavr/bin/../lib/gcc/avr/4.3.3/avr5\libgcc.a(_clzsi2.o)
                0x000008f6                __clzsi2
 .text          0x00000994      0x1aa c:/users/ahmed/desktop/embedded system/nti/avr/tools/sdk_win_64/sdk_win_64/winavr/bin/../lib/gcc/avr/4.3.3/avr5\libgcc.a(_pack_sf.o)
                0x00000994                __pack_f
 .text          0x00000b3e       0xf0 c:/users/ahmed/desktop/embedded system/nti/avr/tools/sdk_win_64/sdk_win_64/winavr/bin/../lib/gcc/avr/4.3.3/avr5\libgcc.a(_unpack_sf.o)
                0x00000b3e                __unpack_f
 .text          0x00000c2e       0xb2 c:/users/ahmed/desktop/embedded system/nti/avr/tools/sdk_win_64/sdk_win_64/winavr/bin/../lib/gcc/avr/4.3.3/avr5\libgcc.a(_fpcmp_parts_sf.o)
                0x00000c2e                __fpcmp_parts_f
 .text          0x00000ce0        0x0 c:/users/ahmed/desktop/embedded system/nti/avr/tools/sdk_win_64/sdk_win_64/winavr/bin/../lib/gcc/avr/4.3.3/avr5\libgcc.a(_clz.o)
                0x00000ce0                . = ALIGN (0x2)
 *(.text.*)
 .text.EXTI_enuInit
                0x00000ce0      0x114 ./MCAL/EXTI/EXTI_Prog.o
                0x00000ce0                EXTI_enuInit
 .text.EXTI_enuSenseLvl
                0x00000df4       0xae ./MCAL/EXTI/EXTI_Prog.o
                0x00000df4                EXTI_enuSenseLvl
 .text.EXTI_enuEnable
                0x00000ea2       0x40 ./MCAL/EXTI/EXTI_Prog.o
                0x00000ea2                EXTI_enuEnable
 .text.EXTI_enuDisable
                0x00000ee2       0x42 ./MCAL/EXTI/EXTI_Prog.o
                0x00000ee2                EXTI_enuDisable
 .text.EXTI_enuCallBack
                0x00000f24       0x2e ./MCAL/EXTI/EXTI_Prog.o
                0x00000f24                EXTI_enuCallBack
 .text.__vector_1
                0x00000f52       0x5a ./MCAL/EXTI/EXTI_Prog.o
                0x00000f52                __vector_1
 .text.__vector_2
                0x00000fac       0x5a ./MCAL/EXTI/EXTI_Prog.o
                0x00000fac                __vector_2
 .text.__vector_3
                0x00001006       0x5a ./MCAL/EXTI/EXTI_Prog.o
                0x00001006                __vector_3
 .text.EEPROM_write
                0x00001060       0x16 ./MCAL/EEPROM/EEPROM.o
                0x00001060                EEPROM_write
 .text.EEPROM_read
                0x00001076       0x1c ./MCAL/EEPROM/EEPROM.o
                0x00001076                EEPROM_read
 .text.M_DIO_enuSetPortDirection
                0x00001092       0x2e ./MCAL/DIO/DIO.o
                0x00001092                M_DIO_enuSetPortDirection
 .text.M_DIO_enuSetPinDirection
                0x000010c0       0xe4 ./MCAL/DIO/DIO.o
                0x000010c0                M_DIO_enuSetPinDirection
 .text.M_DIO_enuSetPortValue
                0x000011a4       0x2e ./MCAL/DIO/DIO.o
                0x000011a4                M_DIO_enuSetPortValue
 .text.M_DIO_enuSetPinValue
                0x000011d2       0xe4 ./MCAL/DIO/DIO.o
                0x000011d2                M_DIO_enuSetPinValue
 .text.M_DIO_enuGetPINValue
                0x000012b6       0x3e ./MCAL/DIO/DIO.o
                0x000012b6                M_DIO_enuGetPINValue
 .text.M_DIO_enuGetPinValue
                0x000012f4       0x4c ./MCAL/DIO/DIO.o
                0x000012f4                M_DIO_enuGetPinValue
 .text.M_DIO_enuTogglePortValue
                0x00001340       0x3e ./MCAL/DIO/DIO.o
                0x00001340                M_DIO_enuTogglePortValue
 .text.M_DIO_enuTogglePinValue
                0x0000137e       0x78 ./MCAL/DIO/DIO.o
                0x0000137e                M_DIO_enuTogglePinValue
 .text.ADC_Init
                0x000013f6       0x12 ./MCAL/ADC/ADC.o
                0x000013f6                ADC_Init
 .text.ADC_Start
                0x00001408        0x4 ./MCAL/ADC/ADC.o
                0x00001408                ADC_Start
 .text.ADC_Read
                0x0000140c        0xc ./MCAL/ADC/ADC.o
                0x0000140c                ADC_Read
 .text.ADC_Callback
                0x00001418       0x42 ./MCAL/ADC/ADC.o
                0x00001418                ADC_Callback
 .text.__vector_16
                0x0000145a      0x154 ./MCAL/ADC/ADC.o
                0x0000145a                __vector_16
 .text.Switch_enuGetState
                0x000015ae       0xb6 ./HAL/Switch/Switch_Prog.o
                0x000015ae                Switch_enuGetState
 .text.Switch_enuInit
                0x00001664       0x5a ./HAL/Switch/Switch_Prog.o
                0x00001664                Switch_enuInit
 .text.SSD_enuDisableDot
                0x000016be       0x10 ./HAL/SSD/SSD_Prog.o
                0x000016be                SSD_enuDisableDot
 .text.SSD_enuEnableDot
                0x000016ce       0x10 ./HAL/SSD/SSD_Prog.o
                0x000016ce                SSD_enuEnableDot
 .text.SSD_enuDisableDisplay
                0x000016de       0x10 ./HAL/SSD/SSD_Prog.o
                0x000016de                SSD_enuDisableDisplay
 .text.SSD_enuEnableDisplay
                0x000016ee       0x10 ./HAL/SSD/SSD_Prog.o
                0x000016ee                SSD_enuEnableDisplay
 .text.SSD_enuDisplaySingleNumber
                0x000016fe      0x16a ./HAL/SSD/SSD_Prog.o
                0x000016fe                SSD_enuDisplaySingleNumber
 .text.SSD_enuDisplayNumbers
                0x00001868       0xa6 ./HAL/SSD/SSD_Prog.o
                0x00001868                SSD_enuDisplayNumbers
 .text.SSD_enuInit
                0x0000190e      0x13e ./HAL/SSD/SSD_Prog.o
                0x0000190e                SSD_enuInit
 .text.Relay_enuSwitch
                0x00001a4c       0x10 ./HAL/Relay/Relay_Prog.o
                0x00001a4c                Relay_enuSwitch
 .text.Relay_enuTrip
                0x00001a5c       0x10 ./HAL/Relay/Relay_Prog.o
                0x00001a5c                Relay_enuTrip
 .text.Relay_enuInit
                0x00001a6c       0x54 ./HAL/Relay/Relay_Prog.o
                0x00001a6c                Relay_enuInit
 .text.LED_enuState
                0x00001ac0       0x1a ./HAL/LED/LED_Prog.o
                0x00001ac0                LED_enuState
 .text.LED_enuToggle
                0x00001ada        0xe ./HAL/LED/LED_Prog.o
                0x00001ada                LED_enuToggle
 .text.LED_enuOff
                0x00001ae8       0x10 ./HAL/LED/LED_Prog.o
                0x00001ae8                LED_enuOff
 .text.LED_enuOn
                0x00001af8       0x10 ./HAL/LED/LED_Prog.o
                0x00001af8                LED_enuOn
 .text.LED_enuOnAll
                0x00001b08       0x3e ./HAL/LED/LED_Prog.o
                0x00001b08                LED_enuOnAll
 .text.LED_enuOffAll
                0x00001b46       0x3e ./HAL/LED/LED_Prog.o
                0x00001b46                LED_enuOffAll
 .text.LED_enuInit
                0x00001b84       0x54 ./HAL/LED/LED_Prog.o
                0x00001b84                LED_enuInit
 .text.LCD_enuLatch
                0x00001bd8       0xe0 ./HAL/LCD/LCD_Prog.o
 .text.LCD_enuWriteData
                0x00001cb8       0x2e ./HAL/LCD/LCD_Prog.o
                0x00001cb8                LCD_enuWriteData
 .text.LCD_enuWriteIntegerNum
                0x00001ce6       0xf4 ./HAL/LCD/LCD_Prog.o
                0x00001ce6                LCD_enuWriteIntegerNum
 .text.LCD_enuWriteFloatNum
                0x00001dda       0xca ./HAL/LCD/LCD_Prog.o
                0x00001dda                LCD_enuWriteFloatNum
 .text.LCD_enuWriteString
                0x00001ea4       0x30 ./HAL/LCD/LCD_Prog.o
                0x00001ea4                LCD_enuWriteString
 .text.LCD_enuWriteCommand
                0x00001ed4       0x2e ./HAL/LCD/LCD_Prog.o
                0x00001ed4                LCD_enuWriteCommand
 .text.LCD_enuCharacterGenerator
                0x00001f02       0x44 ./HAL/LCD/LCD_Prog.o
                0x00001f02                LCD_enuCharacterGenerator
 .text.LCD_enuGoToPosition
                0x00001f46       0x28 ./HAL/LCD/LCD_Prog.o
                0x00001f46                LCD_enuGoToPosition
 .text.LCD_enuStopWatch
                0x00001f6e       0x74 ./HAL/LCD/LCD_Prog.o
                0x00001f6e                LCD_enuStopWatch
 .text.LCD_enuInit
                0x00001fe2       0xea ./HAL/LCD/LCD_Prog.o
                0x00001fe2                LCD_enuInit
 .text.KEYPAD_enuGetPressedKey
                0x000020cc      0x192 ./HAL/Keypad/Keypad_Prog.o
                0x000020cc                KEYPAD_enuGetPressedKey
 .text.KEYPAD_enuInit
                0x0000225e       0xa4 ./HAL/Keypad/Keypad_Prog.o
                0x0000225e                KEYPAD_enuInit
 .text.Buzzer_enuLong
                0x00002302       0x34 ./HAL/Buzzer/Buzzer_Prog.o
                0x00002302                Buzzer_enuLong
 .text.Buzzer_enuOnce
                0x00002336       0x34 ./HAL/Buzzer/Buzzer_Prog.o
                0x00002336                Buzzer_enuOnce
 .text.Buzzer_enuOFF
                0x0000236a       0x10 ./HAL/Buzzer/Buzzer_Prog.o
                0x0000236a                Buzzer_enuOFF
 .text.Buzzer_enuON
                0x0000237a       0x10 ./HAL/Buzzer/Buzzer_Prog.o
                0x0000237a                Buzzer_enuON
 .text.Buzzer_enuTriple
                0x0000238a       0x9c ./HAL/Buzzer/Buzzer_Prog.o
                0x0000238a                Buzzer_enuTriple
 .text.Buzzer_enuTwice
                0x00002426       0x68 ./HAL/Buzzer/Buzzer_Prog.o
                0x00002426                Buzzer_enuTwice
 .text.Buzzer_enuToggle
                0x0000248e        0xe ./HAL/Buzzer/Buzzer_Prog.o
                0x0000248e                Buzzer_enuToggle
 .text.Buzzer_enuInit
                0x0000249c       0x54 ./HAL/Buzzer/Buzzer_Prog.o
                0x0000249c                Buzzer_enuInit
 .text.Calculator_Init
                0x000024f0       0x36 ./APP/main.o
                0x000024f0                Calculator_Init
 .text.main     0x00002526      0x442 ./APP/main.o
                0x00002526                main
 .text.libgcc   0x00002968       0x3e c:/users/ahmed/desktop/embedded system/nti/avr/tools/sdk_win_64/sdk_win_64/winavr/bin/../lib/gcc/avr/4.3.3/avr5\libgcc.a(_mulsi3.o)
                0x00002968                __mulsi3
 .text.libgcc   0x000029a6       0x44 c:/users/ahmed/desktop/embedded system/nti/avr/tools/sdk_win_64/sdk_win_64/winavr/bin/../lib/gcc/avr/4.3.3/avr5\libgcc.a(_udivmodsi4.o)
                0x000029a6                __udivmodsi4
 .text.libgcc   0x000029ea       0x36 c:/users/ahmed/desktop/embedded system/nti/avr/tools/sdk_win_64/sdk_win_64/winavr/bin/../lib/gcc/avr/4.3.3/avr5\libgcc.a(_divmodsi4.o)
                0x000029ea                __divmodsi4
 .text.libgcc   0x00002a20        0x0 c:/users/ahmed/desktop/embedded system/nti/avr/tools/sdk_win_64/sdk_win_64/winavr/bin/../lib/gcc/avr/4.3.3/avr5\libgcc.a(_exit.o)
 .text.libgcc   0x00002a20        0x0 c:/users/ahmed/desktop/embedded system/nti/avr/tools/sdk_win_64/sdk_win_64/winavr/bin/../lib/gcc/avr/4.3.3/avr5\libgcc.a(_copy_data.o)
 .text.libgcc   0x00002a20        0x0 c:/users/ahmed/desktop/embedded system/nti/avr/tools/sdk_win_64/sdk_win_64/winavr/bin/../lib/gcc/avr/4.3.3/avr5\libgcc.a(_clear_bss.o)
 .text.libgcc   0x00002a20       0x38 c:/users/ahmed/desktop/embedded system/nti/avr/tools/sdk_win_64/sdk_win_64/winavr/bin/../lib/gcc/avr/4.3.3/avr5\libgcc.a(_prologue.o)
                0x00002a20                __prologue_saves__
 .text.libgcc   0x00002a58       0x36 c:/users/ahmed/desktop/embedded system/nti/avr/tools/sdk_win_64/sdk_win_64/winavr/bin/../lib/gcc/avr/4.3.3/avr5\libgcc.a(_epilogue.o)
                0x00002a58                __epilogue_restores__
                0x00002a8e                . = ALIGN (0x2)
 *(.fini9)
 .fini9         0x00002a8e        0x0 c:/users/ahmed/desktop/embedded system/nti/avr/tools/sdk_win_64/sdk_win_64/winavr/bin/../lib/gcc/avr/4.3.3/avr5\libgcc.a(_exit.o)
                0x00002a8e                exit
                0x00002a8e                _exit
 *(.fini9)
 *(.fini8)
 *(.fini8)
 *(.fini7)
 *(.fini7)
 *(.fini6)
 *(.fini6)
 *(.fini5)
 *(.fini5)
 *(.fini4)
 *(.fini4)
 *(.fini3)
 *(.fini3)
 *(.fini2)
 *(.fini2)
 *(.fini1)
 *(.fini1)
 *(.fini0)
 .fini0         0x00002a8e        0x4 c:/users/ahmed/desktop/embedded system/nti/avr/tools/sdk_win_64/sdk_win_64/winavr/bin/../lib/gcc/avr/4.3.3/avr5\libgcc.a(_exit.o)
 *(.fini0)
                0x00002a92                _etext = .

.data           0x00800060      0x196 load address 0x00002a92
                0x00800060                PROVIDE (__data_start, .)
 *(.data)
 .data          0x00800060        0x0 c:/users/ahmed/desktop/embedded system/nti/avr/tools/sdk_win_64/sdk_win_64/winavr/bin/../lib/gcc/avr/4.3.3/../../../../avr/lib/avr5/crtm32.o
 .data          0x00800060        0x0 ./MCAL/EXTI/EXTI_Config.o
 .data          0x00800060        0x0 ./MCAL/EXTI/EXTI_Prog.o
 .data          0x00800060        0x0 ./MCAL/EEPROM/EEPROM.o
 .data          0x00800060        0x0 ./MCAL/DIO/DIO.o
 .data          0x00800060        0x0 ./MCAL/ADC/ADC.o
 .data          0x00800060        0x0 ./HAL/Switch/Switch_Config.o
 .data          0x00800060        0x0 ./HAL/Switch/Switch_Prog.o
 .data          0x00800060        0x0 ./HAL/SSD/SSD_Config.o
 .data          0x00800060        0x0 ./HAL/SSD/SSD_Prog.o
 .data          0x00800060        0x0 ./HAL/Relay/Relay_Config.o
 .data          0x00800060        0x0 ./HAL/Relay/Relay_Prog.o
 .data          0x00800060        0x0 ./HAL/LED/LED_Config.o
 .data          0x00800060        0x0 ./HAL/LED/LED_Prog.o
 .data          0x00800060        0x0 ./HAL/LCD/LCD_Prog.o
 .data          0x00800060        0x0 ./HAL/Keypad/Keypad_Prog.o
 .data          0x00800060        0x0 ./HAL/Buzzer/Buzzer_Config.o
 .data          0x00800060        0x0 ./HAL/Buzzer/Buzzer_Prog.o
 .data          0x00800060       0x20 ./APP/main.o
 .data          0x00800080        0x0 c:/users/ahmed/desktop/embedded system/nti/avr/tools/sdk_win_64/sdk_win_64/winavr/bin/../lib/gcc/avr/4.3.3/avr5\libgcc.a(_mulsi3.o)
 .data          0x00800080        0x0 c:/users/ahmed/desktop/embedded system/nti/avr/tools/sdk_win_64/sdk_win_64/winavr/bin/../lib/gcc/avr/4.3.3/avr5\libgcc.a(_udivmodsi4.o)
 .data          0x00800080        0x0 c:/users/ahmed/desktop/embedded system/nti/avr/tools/sdk_win_64/sdk_win_64/winavr/bin/../lib/gcc/avr/4.3.3/avr5\libgcc.a(_divmodsi4.o)
 .data          0x00800080        0x0 c:/users/ahmed/desktop/embedded system/nti/avr/tools/sdk_win_64/sdk_win_64/winavr/bin/../lib/gcc/avr/4.3.3/avr5\libgcc.a(_exit.o)
 .data          0x00800080        0x0 c:/users/ahmed/desktop/embedded system/nti/avr/tools/sdk_win_64/sdk_win_64/winavr/bin/../lib/gcc/avr/4.3.3/avr5\libgcc.a(_copy_data.o)
 .data          0x00800080        0x0 c:/users/ahmed/desktop/embedded system/nti/avr/tools/sdk_win_64/sdk_win_64/winavr/bin/../lib/gcc/avr/4.3.3/avr5\libgcc.a(_clear_bss.o)
 .data          0x00800080        0x0 c:/users/ahmed/desktop/embedded system/nti/avr/tools/sdk_win_64/sdk_win_64/winavr/bin/../lib/gcc/avr/4.3.3/avr5\libgcc.a(_addsub_sf.o)
 .data          0x00800080        0x0 c:/users/ahmed/desktop/embedded system/nti/avr/tools/sdk_win_64/sdk_win_64/winavr/bin/../lib/gcc/avr/4.3.3/avr5\libgcc.a(_mul_sf.o)
 .data          0x00800080        0x0 c:/users/ahmed/desktop/embedded system/nti/avr/tools/sdk_win_64/sdk_win_64/winavr/bin/../lib/gcc/avr/4.3.3/avr5\libgcc.a(_div_sf.o)
 .data          0x00800080        0x0 c:/users/ahmed/desktop/embedded system/nti/avr/tools/sdk_win_64/sdk_win_64/winavr/bin/../lib/gcc/avr/4.3.3/avr5\libgcc.a(_eq_sf.o)
 .data          0x00800080        0x0 c:/users/ahmed/desktop/embedded system/nti/avr/tools/sdk_win_64/sdk_win_64/winavr/bin/../lib/gcc/avr/4.3.3/avr5\libgcc.a(_si_to_sf.o)
 .data          0x00800080        0x0 c:/users/ahmed/desktop/embedded system/nti/avr/tools/sdk_win_64/sdk_win_64/winavr/bin/../lib/gcc/avr/4.3.3/avr5\libgcc.a(_sf_to_si.o)
 .data          0x00800080        0x8 c:/users/ahmed/desktop/embedded system/nti/avr/tools/sdk_win_64/sdk_win_64/winavr/bin/../lib/gcc/avr/4.3.3/avr5\libgcc.a(_thenan_sf.o)
                0x00800080                __thenan_sf
 .data          0x00800088        0x0 c:/users/ahmed/desktop/embedded system/nti/avr/tools/sdk_win_64/sdk_win_64/winavr/bin/../lib/gcc/avr/4.3.3/avr5\libgcc.a(_prologue.o)
 .data          0x00800088        0x0 c:/users/ahmed/desktop/embedded system/nti/avr/tools/sdk_win_64/sdk_win_64/winavr/bin/../lib/gcc/avr/4.3.3/avr5\libgcc.a(_epilogue.o)
 .data          0x00800088        0x0 c:/users/ahmed/desktop/embedded system/nti/avr/tools/sdk_win_64/sdk_win_64/winavr/bin/../lib/gcc/avr/4.3.3/avr5\libgcc.a(_clzsi2.o)
 .data          0x00800088        0x0 c:/users/ahmed/desktop/embedded system/nti/avr/tools/sdk_win_64/sdk_win_64/winavr/bin/../lib/gcc/avr/4.3.3/avr5\libgcc.a(_pack_sf.o)
 .data          0x00800088        0x0 c:/users/ahmed/desktop/embedded system/nti/avr/tools/sdk_win_64/sdk_win_64/winavr/bin/../lib/gcc/avr/4.3.3/avr5\libgcc.a(_unpack_sf.o)
 .data          0x00800088        0x0 c:/users/ahmed/desktop/embedded system/nti/avr/tools/sdk_win_64/sdk_win_64/winavr/bin/../lib/gcc/avr/4.3.3/avr5\libgcc.a(_fpcmp_parts_sf.o)
 .data          0x00800088      0x100 c:/users/ahmed/desktop/embedded system/nti/avr/tools/sdk_win_64/sdk_win_64/winavr/bin/../lib/gcc/avr/4.3.3/avr5\libgcc.a(_clz.o)
                0x00800088                __clz_tab
 *(.data*)
 .data.EXTI_u8EXTINum
                0x00800188        0x1 ./MCAL/EXTI/EXTI_Config.o
                0x00800188                EXTI_u8EXTINum
 .data.EXTI_AstrEXTIConfig
                0x00800189        0x9 ./MCAL/EXTI/EXTI_Config.o
                0x00800189                EXTI_AstrEXTIConfig
 .data.channel.1254
                0x00800192        0x1 ./MCAL/ADC/ADC.o
 .data.Switch_u8SwitchNum
                0x00800193        0x1 ./HAL/Switch/Switch_Config.o
                0x00800193                Switch_u8SwitchNum
 .data.Switch_AstrSwitchConfig
                0x00800194        0xc ./HAL/Switch/Switch_Config.o
                0x00800194                Switch_AstrSwitchConfig
 .data.SSD_u8SSDNum
                0x008001a0        0x1 ./HAL/SSD/SSD_Config.o
                0x008001a0                SSD_u8SSDNum
 .data.SSD_AstrSSDConfig
                0x008001a1       0x26 ./HAL/SSD/SSD_Config.o
                0x008001a1                SSD_AstrSSDConfig
 .data.Relay_u8RelayNum
                0x008001c7        0x1 ./HAL/Relay/Relay_Config.o
                0x008001c7                Relay_u8RelayNum
 .data.Relay_AstrRelayConfig
                0x008001c8        0x4 ./HAL/Relay/Relay_Config.o
                0x008001c8                Relay_AstrRelayConfig
 .data.LED_u8LEDNum
                0x008001cc        0x1 ./HAL/LED/LED_Config.o
                0x008001cc                LED_u8LEDNum
 .data.LED_AstrLEDConfig
                0x008001cd        0x6 ./HAL/LED/LED_Config.o
                0x008001cd                LED_AstrLEDConfig
 .data.Buzzer_u8BuzzerNum
                0x008001d3        0x1 ./HAL/Buzzer/Buzzer_Config.o
                0x008001d3                Buzzer_u8BuzzerNum
 .data.Buzzer_BuzzerAstrConfig
                0x008001d4        0x2 ./HAL/Buzzer/Buzzer_Config.o
                0x008001d4                Buzzer_BuzzerAstrConfig
 *(.rodata)
 *(.rodata*)
 .rodata.catSeg
                0x008001d6       0x10 ./HAL/SSD/SSD_Prog.o
 .rodata.C.1.1353
                0x008001e6       0x10 ./HAL/Keypad/Keypad_Prog.o
 *(.gnu.linkonce.d*)
                0x008001f6                . = ALIGN (0x2)
                0x008001f6                _edata = .
                0x008001f6                PROVIDE (__data_end, .)

.bss            0x008001f6       0x20
                0x008001f6                PROVIDE (__bss_start, .)
 *(.bss)
 .bss           0x008001f6        0x0 c:/users/ahmed/desktop/embedded system/nti/avr/tools/sdk_win_64/sdk_win_64/winavr/bin/../lib/gcc/avr/4.3.3/../../../../avr/lib/avr5/crtm32.o
 .bss           0x008001f6        0x0 ./MCAL/EXTI/EXTI_Config.o
 .bss           0x008001f6        0x0 ./MCAL/EXTI/EXTI_Prog.o
 .bss           0x008001f6        0x0 ./MCAL/EEPROM/EEPROM.o
 .bss           0x008001f6        0x0 ./MCAL/DIO/DIO.o
 .bss           0x008001f6        0x0 ./MCAL/ADC/ADC.o
 .bss           0x008001f6        0x0 ./HAL/Switch/Switch_Config.o
 .bss           0x008001f6        0x0 ./HAL/Switch/Switch_Prog.o
 .bss           0x008001f6        0x0 ./HAL/SSD/SSD_Config.o
 .bss           0x008001f6        0x0 ./HAL/SSD/SSD_Prog.o
 .bss           0x008001f6        0x0 ./HAL/Relay/Relay_Config.o
 .bss           0x008001f6        0x0 ./HAL/Relay/Relay_Prog.o
 .bss           0x008001f6        0x0 ./HAL/LED/LED_Config.o
 .bss           0x008001f6        0x0 ./HAL/LED/LED_Prog.o
 .bss           0x008001f6        0x0 ./HAL/LCD/LCD_Prog.o
 .bss           0x008001f6        0x0 ./HAL/Keypad/Keypad_Prog.o
 .bss           0x008001f6        0x0 ./HAL/Buzzer/Buzzer_Config.o
 .bss           0x008001f6        0x0 ./HAL/Buzzer/Buzzer_Prog.o
 .bss           0x008001f6        0x0 ./APP/main.o
 .bss           0x008001f6        0x0 c:/users/ahmed/desktop/embedded system/nti/avr/tools/sdk_win_64/sdk_win_64/winavr/bin/../lib/gcc/avr/4.3.3/avr5\libgcc.a(_mulsi3.o)
 .bss           0x008001f6        0x0 c:/users/ahmed/desktop/embedded system/nti/avr/tools/sdk_win_64/sdk_win_64/winavr/bin/../lib/gcc/avr/4.3.3/avr5\libgcc.a(_udivmodsi4.o)
 .bss           0x008001f6        0x0 c:/users/ahmed/desktop/embedded system/nti/avr/tools/sdk_win_64/sdk_win_64/winavr/bin/../lib/gcc/avr/4.3.3/avr5\libgcc.a(_divmodsi4.o)
 .bss           0x008001f6        0x0 c:/users/ahmed/desktop/embedded system/nti/avr/tools/sdk_win_64/sdk_win_64/winavr/bin/../lib/gcc/avr/4.3.3/avr5\libgcc.a(_exit.o)
 .bss           0x008001f6        0x0 c:/users/ahmed/desktop/embedded system/nti/avr/tools/sdk_win_64/sdk_win_64/winavr/bin/../lib/gcc/avr/4.3.3/avr5\libgcc.a(_copy_data.o)
 .bss           0x008001f6        0x0 c:/users/ahmed/desktop/embedded system/nti/avr/tools/sdk_win_64/sdk_win_64/winavr/bin/../lib/gcc/avr/4.3.3/avr5\libgcc.a(_clear_bss.o)
 .bss           0x008001f6        0x0 c:/users/ahmed/desktop/embedded system/nti/avr/tools/sdk_win_64/sdk_win_64/winavr/bin/../lib/gcc/avr/4.3.3/avr5\libgcc.a(_addsub_sf.o)
 .bss           0x008001f6        0x0 c:/users/ahmed/desktop/embedded system/nti/avr/tools/sdk_win_64/sdk_win_64/winavr/bin/../lib/gcc/avr/4.3.3/avr5\libgcc.a(_mul_sf.o)
 .bss           0x008001f6        0x0 c:/users/ahmed/desktop/embedded system/nti/avr/tools/sdk_win_64/sdk_win_64/winavr/bin/../lib/gcc/avr/4.3.3/avr5\libgcc.a(_div_sf.o)
 .bss           0x008001f6        0x0 c:/users/ahmed/desktop/embedded system/nti/avr/tools/sdk_win_64/sdk_win_64/winavr/bin/../lib/gcc/avr/4.3.3/avr5\libgcc.a(_eq_sf.o)
 .bss           0x008001f6        0x0 c:/users/ahmed/desktop/embedded system/nti/avr/tools/sdk_win_64/sdk_win_64/winavr/bin/../lib/gcc/avr/4.3.3/avr5\libgcc.a(_si_to_sf.o)
 .bss           0x008001f6        0x0 c:/users/ahmed/desktop/embedded system/nti/avr/tools/sdk_win_64/sdk_win_64/winavr/bin/../lib/gcc/avr/4.3.3/avr5\libgcc.a(_sf_to_si.o)
 .bss           0x008001f6        0x0 c:/users/ahmed/desktop/embedded system/nti/avr/tools/sdk_win_64/sdk_win_64/winavr/bin/../lib/gcc/avr/4.3.3/avr5\libgcc.a(_thenan_sf.o)
 .bss           0x008001f6        0x0 c:/users/ahmed/desktop/embedded system/nti/avr/tools/sdk_win_64/sdk_win_64/winavr/bin/../lib/gcc/avr/4.3.3/avr5\libgcc.a(_prologue.o)
 .bss           0x008001f6        0x0 c:/users/ahmed/desktop/embedded system/nti/avr/tools/sdk_win_64/sdk_win_64/winavr/bin/../lib/gcc/avr/4.3.3/avr5\libgcc.a(_epilogue.o)
 .bss           0x008001f6        0x0 c:/users/ahmed/desktop/embedded system/nti/avr/tools/sdk_win_64/sdk_win_64/winavr/bin/../lib/gcc/avr/4.3.3/avr5\libgcc.a(_clzsi2.o)
 .bss           0x008001f6        0x0 c:/users/ahmed/desktop/embedded system/nti/avr/tools/sdk_win_64/sdk_win_64/winavr/bin/../lib/gcc/avr/4.3.3/avr5\libgcc.a(_pack_sf.o)
 .bss           0x008001f6        0x0 c:/users/ahmed/desktop/embedded system/nti/avr/tools/sdk_win_64/sdk_win_64/winavr/bin/../lib/gcc/avr/4.3.3/avr5\libgcc.a(_unpack_sf.o)
 .bss           0x008001f6        0x0 c:/users/ahmed/desktop/embedded system/nti/avr/tools/sdk_win_64/sdk_win_64/winavr/bin/../lib/gcc/avr/4.3.3/avr5\libgcc.a(_fpcmp_parts_sf.o)
 .bss           0x008001f6        0x0 c:/users/ahmed/desktop/embedded system/nti/avr/tools/sdk_win_64/sdk_win_64/winavr/bin/../lib/gcc/avr/4.3.3/avr5\libgcc.a(_clz.o)
 *(.bss*)
 .bss.AvpAppParameter
                0x008001f6        0x6 ./MCAL/EXTI/EXTI_Prog.o
 .bss.ApFunApp  0x008001fc        0x6 ./MCAL/EXTI/EXTI_Prog.o
 .bss.ADC_pAppFunParameter
                0x00800202       0x10 ./MCAL/ADC/ADC.o
 .bss.count.1255
                0x00800212        0x1 ./MCAL/ADC/ADC.o
 .bss.ADC_AppFun
                0x00800213        0x2 ./MCAL/ADC/ADC.o
 .bss.ADC_pAppFunParameterNum
                0x00800215        0x1 ./MCAL/ADC/ADC.o
 *(COMMON)
                0x00800216                PROVIDE (__bss_end, .)
                0x00002a92                __data_load_start = LOADADDR (.data)
                0x00002c28                __data_load_end = (__data_load_start + SIZEOF (.data))

.noinit         0x00800216        0x0
                0x00800216                PROVIDE (__noinit_start, .)
 *(.noinit*)
                0x00800216                PROVIDE (__noinit_end, .)
                0x00800216                _end = .
                0x00800216                PROVIDE (__heap_start, .)

.eeprom         0x00810000        0x0
 *(.eeprom*)
                0x00810000                __eeprom_end = .

.fuse
 *(.fuse)
 *(.lfuse)
 *(.hfuse)
 *(.efuse)

.lock
 *(.lock*)

.signature
 *(.signature*)

.stab
 *(.stab)

.stabstr
 *(.stabstr)

.stab.excl
 *(.stab.excl)

.stab.exclstr
 *(.stab.exclstr)

.stab.index
 *(.stab.index)

.stab.indexstr
 *(.stab.indexstr)

.comment
 *(.comment)

.debug
 *(.debug)

.line
 *(.line)

.debug_srcinfo
 *(.debug_srcinfo)

.debug_sfnames
 *(.debug_sfnames)

.debug_aranges  0x00000000      0x140
 *(.debug_aranges)
 .debug_aranges
                0x00000000       0x20 c:/users/ahmed/desktop/embedded system/nti/avr/tools/sdk_win_64/sdk_win_64/winavr/bin/../lib/gcc/avr/4.3.3/avr5\libgcc.a(_addsub_sf.o)
 .debug_aranges
                0x00000020       0x20 c:/users/ahmed/desktop/embedded system/nti/avr/tools/sdk_win_64/sdk_win_64/winavr/bin/../lib/gcc/avr/4.3.3/avr5\libgcc.a(_mul_sf.o)
 .debug_aranges
                0x00000040       0x20 c:/users/ahmed/desktop/embedded system/nti/avr/tools/sdk_win_64/sdk_win_64/winavr/bin/../lib/gcc/avr/4.3.3/avr5\libgcc.a(_div_sf.o)
 .debug_aranges
                0x00000060       0x20 c:/users/ahmed/desktop/embedded system/nti/avr/tools/sdk_win_64/sdk_win_64/winavr/bin/../lib/gcc/avr/4.3.3/avr5\libgcc.a(_eq_sf.o)
 .debug_aranges
                0x00000080       0x20 c:/users/ahmed/desktop/embedded system/nti/avr/tools/sdk_win_64/sdk_win_64/winavr/bin/../lib/gcc/avr/4.3.3/avr5\libgcc.a(_si_to_sf.o)
 .debug_aranges
                0x000000a0       0x20 c:/users/ahmed/desktop/embedded system/nti/avr/tools/sdk_win_64/sdk_win_64/winavr/bin/../lib/gcc/avr/4.3.3/avr5\libgcc.a(_sf_to_si.o)
 .debug_aranges
                0x000000c0       0x20 c:/users/ahmed/desktop/embedded system/nti/avr/tools/sdk_win_64/sdk_win_64/winavr/bin/../lib/gcc/avr/4.3.3/avr5\libgcc.a(_clzsi2.o)
 .debug_aranges
                0x000000e0       0x20 c:/users/ahmed/desktop/embedded system/nti/avr/tools/sdk_win_64/sdk_win_64/winavr/bin/../lib/gcc/avr/4.3.3/avr5\libgcc.a(_pack_sf.o)
 .debug_aranges
                0x00000100       0x20 c:/users/ahmed/desktop/embedded system/nti/avr/tools/sdk_win_64/sdk_win_64/winavr/bin/../lib/gcc/avr/4.3.3/avr5\libgcc.a(_unpack_sf.o)
 .debug_aranges
                0x00000120       0x20 c:/users/ahmed/desktop/embedded system/nti/avr/tools/sdk_win_64/sdk_win_64/winavr/bin/../lib/gcc/avr/4.3.3/avr5\libgcc.a(_fpcmp_parts_sf.o)

.debug_pubnames
                0x00000000      0x191
 *(.debug_pubnames)
 .debug_pubnames
                0x00000000       0x2c c:/users/ahmed/desktop/embedded system/nti/avr/tools/sdk_win_64/sdk_win_64/winavr/bin/../lib/gcc/avr/4.3.3/avr5\libgcc.a(_addsub_sf.o)
 .debug_pubnames
                0x0000002c       0x1f c:/users/ahmed/desktop/embedded system/nti/avr/tools/sdk_win_64/sdk_win_64/winavr/bin/../lib/gcc/avr/4.3.3/avr5\libgcc.a(_mul_sf.o)
 .debug_pubnames
                0x0000004b       0x1f c:/users/ahmed/desktop/embedded system/nti/avr/tools/sdk_win_64/sdk_win_64/winavr/bin/../lib/gcc/avr/4.3.3/avr5\libgcc.a(_div_sf.o)
 .debug_pubnames
                0x0000006a       0x1e c:/users/ahmed/desktop/embedded system/nti/avr/tools/sdk_win_64/sdk_win_64/winavr/bin/../lib/gcc/avr/4.3.3/avr5\libgcc.a(_eq_sf.o)
 .debug_pubnames
                0x00000088       0x22 c:/users/ahmed/desktop/embedded system/nti/avr/tools/sdk_win_64/sdk_win_64/winavr/bin/../lib/gcc/avr/4.3.3/avr5\libgcc.a(_si_to_sf.o)
 .debug_pubnames
                0x000000aa       0x20 c:/users/ahmed/desktop/embedded system/nti/avr/tools/sdk_win_64/sdk_win_64/winavr/bin/../lib/gcc/avr/4.3.3/avr5\libgcc.a(_sf_to_si.o)
 .debug_pubnames
                0x000000ca       0x22 c:/users/ahmed/desktop/embedded system/nti/avr/tools/sdk_win_64/sdk_win_64/winavr/bin/../lib/gcc/avr/4.3.3/avr5\libgcc.a(_thenan_sf.o)
 .debug_pubnames
                0x000000ec       0x1f c:/users/ahmed/desktop/embedded system/nti/avr/tools/sdk_win_64/sdk_win_64/winavr/bin/../lib/gcc/avr/4.3.3/avr5\libgcc.a(_clzsi2.o)
 .debug_pubnames
                0x0000010b       0x1f c:/users/ahmed/desktop/embedded system/nti/avr/tools/sdk_win_64/sdk_win_64/winavr/bin/../lib/gcc/avr/4.3.3/avr5\libgcc.a(_pack_sf.o)
 .debug_pubnames
                0x0000012a       0x21 c:/users/ahmed/desktop/embedded system/nti/avr/tools/sdk_win_64/sdk_win_64/winavr/bin/../lib/gcc/avr/4.3.3/avr5\libgcc.a(_unpack_sf.o)
 .debug_pubnames
                0x0000014b       0x26 c:/users/ahmed/desktop/embedded system/nti/avr/tools/sdk_win_64/sdk_win_64/winavr/bin/../lib/gcc/avr/4.3.3/avr5\libgcc.a(_fpcmp_parts_sf.o)
 .debug_pubnames
                0x00000171       0x20 c:/users/ahmed/desktop/embedded system/nti/avr/tools/sdk_win_64/sdk_win_64/winavr/bin/../lib/gcc/avr/4.3.3/avr5\libgcc.a(_clz.o)

.debug_info     0x00000000     0x1e5d
 *(.debug_info)
 .debug_info    0x00000000      0x47a c:/users/ahmed/desktop/embedded system/nti/avr/tools/sdk_win_64/sdk_win_64/winavr/bin/../lib/gcc/avr/4.3.3/avr5\libgcc.a(_addsub_sf.o)
 .debug_info    0x0000047a      0x485 c:/users/ahmed/desktop/embedded system/nti/avr/tools/sdk_win_64/sdk_win_64/winavr/bin/../lib/gcc/avr/4.3.3/avr5\libgcc.a(_mul_sf.o)
 .debug_info    0x000008ff      0x3fc c:/users/ahmed/desktop/embedded system/nti/avr/tools/sdk_win_64/sdk_win_64/winavr/bin/../lib/gcc/avr/4.3.3/avr5\libgcc.a(_div_sf.o)
 .debug_info    0x00000cfb      0x27f c:/users/ahmed/desktop/embedded system/nti/avr/tools/sdk_win_64/sdk_win_64/winavr/bin/../lib/gcc/avr/4.3.3/avr5\libgcc.a(_eq_sf.o)
 .debug_info    0x00000f7a      0x207 c:/users/ahmed/desktop/embedded system/nti/avr/tools/sdk_win_64/sdk_win_64/winavr/bin/../lib/gcc/avr/4.3.3/avr5\libgcc.a(_si_to_sf.o)
 .debug_info    0x00001181      0x2b0 c:/users/ahmed/desktop/embedded system/nti/avr/tools/sdk_win_64/sdk_win_64/winavr/bin/../lib/gcc/avr/4.3.3/avr5\libgcc.a(_sf_to_si.o)
 .debug_info    0x00001431      0x12c c:/users/ahmed/desktop/embedded system/nti/avr/tools/sdk_win_64/sdk_win_64/winavr/bin/../lib/gcc/avr/4.3.3/avr5\libgcc.a(_thenan_sf.o)
 .debug_info    0x0000155d      0x117 c:/users/ahmed/desktop/embedded system/nti/avr/tools/sdk_win_64/sdk_win_64/winavr/bin/../lib/gcc/avr/4.3.3/avr5\libgcc.a(_clzsi2.o)
 .debug_info    0x00001674      0x2df c:/users/ahmed/desktop/embedded system/nti/avr/tools/sdk_win_64/sdk_win_64/winavr/bin/../lib/gcc/avr/4.3.3/avr5\libgcc.a(_pack_sf.o)
 .debug_info    0x00001953      0x251 c:/users/ahmed/desktop/embedded system/nti/avr/tools/sdk_win_64/sdk_win_64/winavr/bin/../lib/gcc/avr/4.3.3/avr5\libgcc.a(_unpack_sf.o)
 .debug_info    0x00001ba4      0x210 c:/users/ahmed/desktop/embedded system/nti/avr/tools/sdk_win_64/sdk_win_64/winavr/bin/../lib/gcc/avr/4.3.3/avr5\libgcc.a(_fpcmp_parts_sf.o)
 .debug_info    0x00001db4       0xa9 c:/users/ahmed/desktop/embedded system/nti/avr/tools/sdk_win_64/sdk_win_64/winavr/bin/../lib/gcc/avr/4.3.3/avr5\libgcc.a(_clz.o)
 *(.gnu.linkonce.wi.*)

.debug_abbrev   0x00000000     0x1066
 *(.debug_abbrev)
 .debug_abbrev  0x00000000      0x1ea c:/users/ahmed/desktop/embedded system/nti/avr/tools/sdk_win_64/sdk_win_64/winavr/bin/../lib/gcc/avr/4.3.3/avr5\libgcc.a(_addsub_sf.o)
 .debug_abbrev  0x000001ea      0x21b c:/users/ahmed/desktop/embedded system/nti/avr/tools/sdk_win_64/sdk_win_64/winavr/bin/../lib/gcc/avr/4.3.3/avr5\libgcc.a(_mul_sf.o)
 .debug_abbrev  0x00000405      0x216 c:/users/ahmed/desktop/embedded system/nti/avr/tools/sdk_win_64/sdk_win_64/winavr/bin/../lib/gcc/avr/4.3.3/avr5\libgcc.a(_div_sf.o)
 .debug_abbrev  0x0000061b      0x15a c:/users/ahmed/desktop/embedded system/nti/avr/tools/sdk_win_64/sdk_win_64/winavr/bin/../lib/gcc/avr/4.3.3/avr5\libgcc.a(_eq_sf.o)
 .debug_abbrev  0x00000775      0x148 c:/users/ahmed/desktop/embedded system/nti/avr/tools/sdk_win_64/sdk_win_64/winavr/bin/../lib/gcc/avr/4.3.3/avr5\libgcc.a(_si_to_sf.o)
 .debug_abbrev  0x000008bd      0x17f c:/users/ahmed/desktop/embedded system/nti/avr/tools/sdk_win_64/sdk_win_64/winavr/bin/../lib/gcc/avr/4.3.3/avr5\libgcc.a(_sf_to_si.o)
 .debug_abbrev  0x00000a3c       0xad c:/users/ahmed/desktop/embedded system/nti/avr/tools/sdk_win_64/sdk_win_64/winavr/bin/../lib/gcc/avr/4.3.3/avr5\libgcc.a(_thenan_sf.o)
 .debug_abbrev  0x00000ae9       0xc4 c:/users/ahmed/desktop/embedded system/nti/avr/tools/sdk_win_64/sdk_win_64/winavr/bin/../lib/gcc/avr/4.3.3/avr5\libgcc.a(_clzsi2.o)
 .debug_abbrev  0x00000bad      0x1c0 c:/users/ahmed/desktop/embedded system/nti/avr/tools/sdk_win_64/sdk_win_64/winavr/bin/../lib/gcc/avr/4.3.3/avr5\libgcc.a(_pack_sf.o)
 .debug_abbrev  0x00000d6d      0x154 c:/users/ahmed/desktop/embedded system/nti/avr/tools/sdk_win_64/sdk_win_64/winavr/bin/../lib/gcc/avr/4.3.3/avr5\libgcc.a(_unpack_sf.o)
 .debug_abbrev  0x00000ec1      0x13b c:/users/ahmed/desktop/embedded system/nti/avr/tools/sdk_win_64/sdk_win_64/winavr/bin/../lib/gcc/avr/4.3.3/avr5\libgcc.a(_fpcmp_parts_sf.o)
 .debug_abbrev  0x00000ffc       0x6a c:/users/ahmed/desktop/embedded system/nti/avr/tools/sdk_win_64/sdk_win_64/winavr/bin/../lib/gcc/avr/4.3.3/avr5\libgcc.a(_clz.o)

.debug_line     0x00000000      0xf8b
 *(.debug_line)
 .debug_line    0x00000000      0x2af c:/users/ahmed/desktop/embedded system/nti/avr/tools/sdk_win_64/sdk_win_64/winavr/bin/../lib/gcc/avr/4.3.3/avr5\libgcc.a(_addsub_sf.o)
 .debug_line    0x000002af      0x239 c:/users/ahmed/desktop/embedded system/nti/avr/tools/sdk_win_64/sdk_win_64/winavr/bin/../lib/gcc/avr/4.3.3/avr5\libgcc.a(_mul_sf.o)
 .debug_line    0x000004e8      0x1d5 c:/users/ahmed/desktop/embedded system/nti/avr/tools/sdk_win_64/sdk_win_64/winavr/bin/../lib/gcc/avr/4.3.3/avr5\libgcc.a(_div_sf.o)
 .debug_line    0x000006bd       0xd3 c:/users/ahmed/desktop/embedded system/nti/avr/tools/sdk_win_64/sdk_win_64/winavr/bin/../lib/gcc/avr/4.3.3/avr5\libgcc.a(_eq_sf.o)
 .debug_line    0x00000790      0x135 c:/users/ahmed/desktop/embedded system/nti/avr/tools/sdk_win_64/sdk_win_64/winavr/bin/../lib/gcc/avr/4.3.3/avr5\libgcc.a(_si_to_sf.o)
 .debug_line    0x000008c5      0x109 c:/users/ahmed/desktop/embedded system/nti/avr/tools/sdk_win_64/sdk_win_64/winavr/bin/../lib/gcc/avr/4.3.3/avr5\libgcc.a(_sf_to_si.o)
 .debug_line    0x000009ce       0x90 c:/users/ahmed/desktop/embedded system/nti/avr/tools/sdk_win_64/sdk_win_64/winavr/bin/../lib/gcc/avr/4.3.3/avr5\libgcc.a(_thenan_sf.o)
 .debug_line    0x00000a5e       0xa5 c:/users/ahmed/desktop/embedded system/nti/avr/tools/sdk_win_64/sdk_win_64/winavr/bin/../lib/gcc/avr/4.3.3/avr5\libgcc.a(_clzsi2.o)
 .debug_line    0x00000b03      0x18a c:/users/ahmed/desktop/embedded system/nti/avr/tools/sdk_win_64/sdk_win_64/winavr/bin/../lib/gcc/avr/4.3.3/avr5\libgcc.a(_pack_sf.o)
 .debug_line    0x00000c8d      0x14b c:/users/ahmed/desktop/embedded system/nti/avr/tools/sdk_win_64/sdk_win_64/winavr/bin/../lib/gcc/avr/4.3.3/avr5\libgcc.a(_unpack_sf.o)
 .debug_line    0x00000dd8      0x137 c:/users/ahmed/desktop/embedded system/nti/avr/tools/sdk_win_64/sdk_win_64/winavr/bin/../lib/gcc/avr/4.3.3/avr5\libgcc.a(_fpcmp_parts_sf.o)
 .debug_line    0x00000f0f       0x7c c:/users/ahmed/desktop/embedded system/nti/avr/tools/sdk_win_64/sdk_win_64/winavr/bin/../lib/gcc/avr/4.3.3/avr5\libgcc.a(_clz.o)

.debug_frame    0x00000000      0x160
 *(.debug_frame)
 .debug_frame   0x00000000       0x40 c:/users/ahmed/desktop/embedded system/nti/avr/tools/sdk_win_64/sdk_win_64/winavr/bin/../lib/gcc/avr/4.3.3/avr5\libgcc.a(_addsub_sf.o)
 .debug_frame   0x00000040       0x20 c:/users/ahmed/desktop/embedded system/nti/avr/tools/sdk_win_64/sdk_win_64/winavr/bin/../lib/gcc/avr/4.3.3/avr5\libgcc.a(_mul_sf.o)
 .debug_frame   0x00000060       0x20 c:/users/ahmed/desktop/embedded system/nti/avr/tools/sdk_win_64/sdk_win_64/winavr/bin/../lib/gcc/avr/4.3.3/avr5\libgcc.a(_div_sf.o)
 .debug_frame   0x00000080       0x20 c:/users/ahmed/desktop/embedded system/nti/avr/tools/sdk_win_64/sdk_win_64/winavr/bin/../lib/gcc/avr/4.3.3/avr5\libgcc.a(_eq_sf.o)
 .debug_frame   0x000000a0       0x20 c:/users/ahmed/desktop/embedded system/nti/avr/tools/sdk_win_64/sdk_win_64/winavr/bin/../lib/gcc/avr/4.3.3/avr5\libgcc.a(_si_to_sf.o)
 .debug_frame   0x000000c0       0x20 c:/users/ahmed/desktop/embedded system/nti/avr/tools/sdk_win_64/sdk_win_64/winavr/bin/../lib/gcc/avr/4.3.3/avr5\libgcc.a(_sf_to_si.o)
 .debug_frame   0x000000e0       0x20 c:/users/ahmed/desktop/embedded system/nti/avr/tools/sdk_win_64/sdk_win_64/winavr/bin/../lib/gcc/avr/4.3.3/avr5\libgcc.a(_clzsi2.o)
 .debug_frame   0x00000100       0x20 c:/users/ahmed/desktop/embedded system/nti/avr/tools/sdk_win_64/sdk_win_64/winavr/bin/../lib/gcc/avr/4.3.3/avr5\libgcc.a(_pack_sf.o)
 .debug_frame   0x00000120       0x20 c:/users/ahmed/desktop/embedded system/nti/avr/tools/sdk_win_64/sdk_win_64/winavr/bin/../lib/gcc/avr/4.3.3/avr5\libgcc.a(_unpack_sf.o)
 .debug_frame   0x00000140       0x20 c:/users/ahmed/desktop/embedded system/nti/avr/tools/sdk_win_64/sdk_win_64/winavr/bin/../lib/gcc/avr/4.3.3/avr5\libgcc.a(_fpcmp_parts_sf.o)

.debug_str      0x00000000      0x2d6
 *(.debug_str)
 .debug_str     0x00000000      0x19e c:/users/ahmed/desktop/embedded system/nti/avr/tools/sdk_win_64/sdk_win_64/winavr/bin/../lib/gcc/avr/4.3.3/avr5\libgcc.a(_addsub_sf.o)
                                0x206 (size before relaxing)
 .debug_str     0x0000019e       0x27 c:/users/ahmed/desktop/embedded system/nti/avr/tools/sdk_win_64/sdk_win_64/winavr/bin/../lib/gcc/avr/4.3.3/avr5\libgcc.a(_mul_sf.o)
                                0x1bf (size before relaxing)
 .debug_str     0x000001c5       0x35 c:/users/ahmed/desktop/embedded system/nti/avr/tools/sdk_win_64/sdk_win_64/winavr/bin/../lib/gcc/avr/4.3.3/avr5\libgcc.a(_div_sf.o)
                                0x1c8 (size before relaxing)
 .debug_str     0x000001fa        0x8 c:/users/ahmed/desktop/embedded system/nti/avr/tools/sdk_win_64/sdk_win_64/winavr/bin/../lib/gcc/avr/4.3.3/avr5\libgcc.a(_eq_sf.o)
                                0x195 (size before relaxing)
 .debug_str     0x00000202       0x1e c:/users/ahmed/desktop/embedded system/nti/avr/tools/sdk_win_64/sdk_win_64/winavr/bin/../lib/gcc/avr/4.3.3/avr5\libgcc.a(_si_to_sf.o)
                                0x17b (size before relaxing)
 .debug_str     0x00000220        0xa c:/users/ahmed/desktop/embedded system/nti/avr/tools/sdk_win_64/sdk_win_64/winavr/bin/../lib/gcc/avr/4.3.3/avr5\libgcc.a(_sf_to_si.o)
                                0x19e (size before relaxing)
 .debug_str     0x00000000      0x103 c:/users/ahmed/desktop/embedded system/nti/avr/tools/sdk_win_64/sdk_win_64/winavr/bin/../lib/gcc/avr/4.3.3/avr5\libgcc.a(_thenan_sf.o)
 .debug_str     0x0000022a       0x81 c:/users/ahmed/desktop/embedded system/nti/avr/tools/sdk_win_64/sdk_win_64/winavr/bin/../lib/gcc/avr/4.3.3/avr5\libgcc.a(_clzsi2.o)
                                0x111 (size before relaxing)
 .debug_str     0x000002ab       0x10 c:/users/ahmed/desktop/embedded system/nti/avr/tools/sdk_win_64/sdk_win_64/winavr/bin/../lib/gcc/avr/4.3.3/avr5\libgcc.a(_pack_sf.o)
                                0x19d (size before relaxing)
 .debug_str     0x000002bb        0xb c:/users/ahmed/desktop/embedded system/nti/avr/tools/sdk_win_64/sdk_win_64/winavr/bin/../lib/gcc/avr/4.3.3/avr5\libgcc.a(_unpack_sf.o)
                                0x17f (size before relaxing)
 .debug_str     0x000002c6       0x10 c:/users/ahmed/desktop/embedded system/nti/avr/tools/sdk_win_64/sdk_win_64/winavr/bin/../lib/gcc/avr/4.3.3/avr5\libgcc.a(_fpcmp_parts_sf.o)
                                0x163 (size before relaxing)
 .debug_str     0x00000000       0xf4 c:/users/ahmed/desktop/embedded system/nti/avr/tools/sdk_win_64/sdk_win_64/winavr/bin/../lib/gcc/avr/4.3.3/avr5\libgcc.a(_clz.o)

.debug_loc      0x00000000      0x922
 *(.debug_loc)
 .debug_loc     0x00000000      0x32a c:/users/ahmed/desktop/embedded system/nti/avr/tools/sdk_win_64/sdk_win_64/winavr/bin/../lib/gcc/avr/4.3.3/avr5\libgcc.a(_addsub_sf.o)
 .debug_loc     0x0000032a      0x104 c:/users/ahmed/desktop/embedded system/nti/avr/tools/sdk_win_64/sdk_win_64/winavr/bin/../lib/gcc/avr/4.3.3/avr5\libgcc.a(_mul_sf.o)
 .debug_loc     0x0000042e       0xc0 c:/users/ahmed/desktop/embedded system/nti/avr/tools/sdk_win_64/sdk_win_64/winavr/bin/../lib/gcc/avr/4.3.3/avr5\libgcc.a(_div_sf.o)
 .debug_loc     0x000004ee       0x3c c:/users/ahmed/desktop/embedded system/nti/avr/tools/sdk_win_64/sdk_win_64/winavr/bin/../lib/gcc/avr/4.3.3/avr5\libgcc.a(_eq_sf.o)
 .debug_loc     0x0000052a       0xac c:/users/ahmed/desktop/embedded system/nti/avr/tools/sdk_win_64/sdk_win_64/winavr/bin/../lib/gcc/avr/4.3.3/avr5\libgcc.a(_si_to_sf.o)
 .debug_loc     0x000005d6       0x7e c:/users/ahmed/desktop/embedded system/nti/avr/tools/sdk_win_64/sdk_win_64/winavr/bin/../lib/gcc/avr/4.3.3/avr5\libgcc.a(_sf_to_si.o)
 .debug_loc     0x00000654       0x94 c:/users/ahmed/desktop/embedded system/nti/avr/tools/sdk_win_64/sdk_win_64/winavr/bin/../lib/gcc/avr/4.3.3/avr5\libgcc.a(_clzsi2.o)
 .debug_loc     0x000006e8      0x13e c:/users/ahmed/desktop/embedded system/nti/avr/tools/sdk_win_64/sdk_win_64/winavr/bin/../lib/gcc/avr/4.3.3/avr5\libgcc.a(_pack_sf.o)
 .debug_loc     0x00000826       0xac c:/users/ahmed/desktop/embedded system/nti/avr/tools/sdk_win_64/sdk_win_64/winavr/bin/../lib/gcc/avr/4.3.3/avr5\libgcc.a(_unpack_sf.o)
 .debug_loc     0x000008d2       0x50 c:/users/ahmed/desktop/embedded system/nti/avr/tools/sdk_win_64/sdk_win_64/winavr/bin/../lib/gcc/avr/4.3.3/avr5\libgcc.a(_fpcmp_parts_sf.o)

.debug_macinfo
 *(.debug_macinfo)
OUTPUT(Fully_Functional_Calculator.elf elf32-avr)
LOAD linker stubs

.debug_ranges   0x00000000       0x50
 .debug_ranges  0x00000000       0x50 c:/users/ahmed/desktop/embedded system/nti/avr/tools/sdk_win_64/sdk_win_64/winavr/bin/../lib/gcc/avr/4.3.3/avr5\libgcc.a(_mul_sf.o)
